archive_search 1/160: Wall Cloud Rotation
archive_search_done 1/160: hits=3 added=3 total=3
archive_search 2/160: Wall Cloud Rotation demonstration
archive_search_done 2/160: hits=3 added=0 total=3
archive_search 3/160: Wall Cloud Rotation slow motion
archive_search_done 3/160: hits=3 added=0 total=3
archive_search 4/160: Wall Cloud Rotation video
archive_search_done 4/160: hits=3 added=0 total=3
archive_search 5/160: Gust Front Propagation
archive_search_done 5/160: hits=0 added=0 total=3
archive_search 6/160: Gust Front Propagation demonstration
archive_search_done 6/160: hits=0 added=0 total=3
archive_search 7/160: Gust Front Propagation slow motion
archive_search_done 7/160: hits=0 added=0 total=3
archive_search 8/160: Gust Front Propagation video
archive_search_done 8/160: hits=0 added=0 total=3
archive_search 9/160: Landspout Development
archive_search_done 9/160: hits=0 added=0 total=3
archive_search 10/160: Landspout Development demonstration
archive_search_done 10/160: hits=0 added=0 total=3
archive_search 11/160: Landspout Development slow motion
archive_search_done 11/160: hits=0 added=0 total=3
archive_search 12/160: Landspout Development video
archive_search_done 12/160: hits=0 added=0 total=3
archive_search 13/160: Cutbank Erosion
archive_search_done 13/160: hits=0 added=0 total=3
archive_search 14/160: Cutbank Erosion / Point-Bar Deposition
archive_search_done 14/160: hits=0 added=0 total=3
archive_search 15/160: Cutbank Erosion / Point-Bar Deposition demonstration
archive_search_done 15/160: hits=0 added=0 total=3
archive_search 16/160: Cutbank Erosion / Point-Bar Deposition slow motion
archive_search_done 16/160: hits=0 added=0 total=3
archive_search 17/160: Cutbank Erosion / Point-Bar Deposition video
archive_search_done 17/160: hits=0 added=0 total=3
archive_search 18/160: Cutbank Erosion video
archive_search_done 18/160: hits=0 added=0 total=3
archive_search 19/160: Point-Bar Deposition
archive_search_done 19/160: hits=1 added=1 total=4
archive_search 20/160: Point-Bar Deposition video
archive_search_done 20/160: hits=1 added=0 total=4
archive_search 21/160: River Avulsion
archive_search_done 21/160: hits=1 added=1 total=5
archive_search 22/160: River Avulsion demonstration
archive_search_done 22/160: hits=1 added=0 total=5
archive_search 23/160: River Avulsion slow motion
archive_search_done 23/160: hits=1 added=0 total=5
archive_search 24/160: River Avulsion video
archive_search_done 24/160: hits=1 added=0 total=5
archive_search 25/160: Braided Channel Migration
archive_search_done 25/160: hits=0 added=0 total=5
archive_search 26/160: Braided Channel Migration demonstration
archive_search_done 26/160: hits=0 added=0 total=5
archive_search 27/160: Braided Channel Migration slow motion
archive_search_done 27/160: hits=0 added=0 total=5
archive_search 28/160: Braided Channel Migration video
archive_search_done 28/160: hits=0 added=0 total=5
archive_search 29/160: Turbidity Current Propagation
archive_search_done 29/160: hits=0 added=0 total=5
archive_search 30/160: Turbidity Current Propagation demonstration
archive_search_done 30/160: hits=0 added=0 total=5
archive_search 31/160: Turbidity Current Propagation slow motion
archive_search_done 31/160: hits=0 added=0 total=5
archive_search 32/160: Turbidity Current Propagation video
archive_search_done 32/160: hits=0 added=0 total=5
archive_search 33/160: Rip Current Channel Formation
archive_search_done 33/160: hits=1 added=1 total=6
archive_search 34/160: Rip Current Channel Formation demonstration
archive_search_done 34/160: hits=1 added=0 total=6
archive_search 35/160: Rip Current Channel Formation slow motion
archive_search_done 35/160: hits=1 added=0 total=6
archive_search 36/160: Rip Current Channel Formation video
archive_search_done 36/160: hits=1 added=0 total=6
archive_search 37/160: Longshore Drift
archive_search_done 37/160: hits=1 added=1 total=7
archive_search 38/160: Longshore Drift demonstration
archive_search_done 38/160: hits=1 added=0 total=7
archive_search 39/160: Longshore Drift slow motion
archive_search_done 39/160: hits=1 added=0 total=7
archive_search 40/160: Longshore Drift video
archive_search_done 40/160: hits=1 added=0 total=7
archive_search 41/160: Internal Wave Propagation
archive_search_done 41/160: hits=2 added=2 total=9
archive_search 42/160: Internal Wave Propagation demonstration
archive_search_done 42/160: hits=2 added=0 total=9
archive_search 43/160: Internal Wave Propagation slow motion
archive_search_done 43/160: hits=2 added=0 total=9
archive_search 44/160: Internal Wave Propagation video
archive_search_done 44/160: hits=2 added=0 total=9
archive_search 45/160: Rotational Slump Failure
archive_search_done 45/160: hits=0 added=0 total=9
archive_search 46/160: Rotational Slump Failure demonstration
archive_search_done 46/160: hits=0 added=0 total=9
archive_search 47/160: Rotational Slump Failure slow motion
archive_search_done 47/160: hits=0 added=0 total=9
archive_search 48/160: Rotational Slump Failure video
archive_search_done 48/160: hits=0 added=0 total=9
archive_search 49/160: Seismic Soil Liquefaction
archive_search_done 49/160: hits=0 added=0 total=9
archive_search 50/160: Seismic Soil Liquefaction demonstration
archive_search_done 50/160: hits=0 added=0 total=9
archive_search 51/160: Seismic Soil Liquefaction slow motion
archive_search_done 51/160: hits=0 added=0 total=9
archive_search 52/160: Seismic Soil Liquefaction video
archive_search_done 52/160: hits=0 added=0 total=9
archive_search 53/160: Retrogressive Slump Failure
archive_search_done 53/160: hits=0 added=0 total=9
archive_search 54/160: Retrogressive Slump Failure demonstration
archive_search_done 54/160: hits=0 added=0 total=9
archive_search 55/160: Retrogressive Slump Failure slow motion
archive_search_done 55/160: hits=0 added=0 total=9
archive_search 56/160: Retrogressive Slump Failure video
archive_search_done 56/160: hits=0 added=0 total=9
archive_search 57/160: Debris-Flow Surge Propagation
archive_search_done 57/160: hits=0 added=0 total=9
archive_search 58/160: Debris-Flow Surge Propagation demonstration
archive_search_done 58/160: hits=0 added=0 total=9
archive_search 59/160: Debris-Flow Surge Propagation slow motion
archive_search_done 59/160: hits=0 added=0 total=9
archive_search 60/160: Debris-Flow Surge Propagation video
archive_search_done 60/160: hits=0 added=0 total=9
archive_search 61/160: Aa Lava Front Advance
archive_search_done 61/160: hits=5 added=4 total=13
archive_search 62/160: Aa Lava Front Advance demonstration
archive_search_done 62/160: hits=5 added=0 total=13
archive_search 63/160: Aa Lava Front Advance slow motion
archive_search_done 63/160: hits=5 added=0 total=13
archive_search 64/160: Aa Lava Front Advance video
archive_search_done 64/160: hits=5 added=0 total=13
archive_search 65/160: Lava Dome Collapse
archive_search_done 65/160: hits=0 added=0 total=13
archive_search 66/160: Lava Dome Collapse demonstration
archive_search_done 66/160: hits=0 added=0 total=13
archive_search 67/160: Lava Dome Collapse slow motion
archive_search_done 67/160: hits=0 added=0 total=13
archive_search 68/160: Lava Dome Collapse video
archive_search_done 68/160: hits=0 added=0 total=13
archive_search 69/160: Eruption Column Collapse
archive_search_done 69/160: hits=0 added=0 total=13
archive_search 70/160: Eruption Column Collapse demonstration
archive_search_done 70/160: hits=0 added=0 total=13
archive_search 71/160: Eruption Column Collapse slow motion
archive_search_done 71/160: hits=0 added=0 total=13
archive_search 72/160: Eruption Column Collapse video
archive_search_done 72/160: hits=0 added=0 total=13
archive_search 73/160: Crevasse Propagation
archive_search_done 73/160: hits=0 added=0 total=13
archive_search 74/160: Crevasse Propagation demonstration
archive_search_done 74/160: hits=0 added=0 total=13
archive_search 75/160: Crevasse Propagation slow motion
archive_search_done 75/160: hits=0 added=0 total=13
archive_search 76/160: Crevasse Propagation video
archive_search_done 76/160: hits=0 added=0 total=13
archive_search 77/160: Ice Cliff Calving
archive_search_done 77/160: hits=0 added=0 total=13
archive_search 78/160: Ice Cliff Calving demonstration
archive_search_done 78/160: hits=0 added=0 total=13
archive_search 79/160: Ice Cliff Calving slow motion
archive_search_done 79/160: hits=0 added=0 total=13
archive_search 80/160: Ice Cliff Calving video
archive_search_done 80/160: hits=0 added=0 total=13
archive_search 81/160: Snow Slab Crown Crack Propagation
archive_search_done 81/160: hits=0 added=0 total=13
archive_search 82/160: Snow Slab Crown Crack Propagation demonstration
archive_search_done 82/160: hits=0 added=0 total=13
archive_search 83/160: Snow Slab Crown Crack Propagation slow motion
archive_search_done 83/160: hits=0 added=0 total=13
archive_search 84/160: Snow Slab Crown Crack Propagation video
archive_search_done 84/160: hits=0 added=0 total=13
archive_search 85/160: Glacier Surge
archive_search_done 85/160: hits=2 added=2 total=15
archive_search 86/160: Glacier Surge demonstration
archive_search_done 86/160: hits=2 added=0 total=15
archive_search 87/160: Glacier Surge slow motion
archive_search_done 87/160: hits=2 added=0 total=15
archive_search 88/160: Glacier Surge video
archive_search_done 88/160: hits=2 added=0 total=15
archive_search 89/160: Crown Fire Transition
archive_search_done 89/160: hits=5 added=5 total=20
archive_search 90/160: Crown Fire Transition demonstration
archive_search_done 90/160: hits=5 added=0 total=20
archive_search 91/160: Crown Fire Transition slow motion
archive_search_done 91/160: hits=5 added=0 total=20
archive_search 92/160: Crown Fire Transition video
archive_search_done 92/160: hits=5 added=0 total=20
archive_search 93/160: Spot Fire Propagation
archive_search_done 93/160: hits=2 added=2 total=22
archive_search 94/160: Spot Fire Propagation demonstration
archive_search_done 94/160: hits=2 added=0 total=22
archive_search 95/160: Spot Fire Propagation slow motion
archive_search_done 95/160: hits=2 added=0 total=22
archive_search 96/160: Spot Fire Propagation video
archive_search_done 96/160: hits=2 added=0 total=22
archive_search 97/160: Convective Smoke Plume Rise
archive_search_done 97/160: hits=0 added=0 total=22
archive_search 98/160: Convective Smoke Plume Rise demonstration
archive_search_done 98/160: hits=0 added=0 total=22
archive_search 99/160: Convective Smoke Plume Rise slow motion
archive_search_done 99/160: hits=0 added=0 total=22
archive_search 100/160: Convective Smoke Plume Rise video
archive_search_done 100/160: hits=0 added=0 total=22
archive_search 101/160: Wind-Driven Fire-Front Propagation
archive_search_done 101/160: hits=0 added=0 total=22
archive_search 102/160: Wind-Driven Fire-Front Propagation demonstration
archive_search_done 102/160: hits=0 added=0 total=22
archive_search 103/160: Wind-Driven Fire-Front Propagation slow motion
archive_search_done 103/160: hits=0 added=0 total=22
archive_search 104/160: Wind-Driven Fire-Front Propagation video
archive_search_done 104/160: hits=0 added=0 total=22
archive_search 105/160: Pyrocumulus Development
archive_search_done 105/160: hits=0 added=0 total=22
archive_search 106/160: Pyrocumulus Development demonstration
archive_search_done 106/160: hits=0 added=0 total=22
archive_search 107/160: Pyrocumulus Development slow motion
archive_search_done 107/160: hits=0 added=0 total=22
archive_search 108/160: Pyrocumulus Development video
archive_search_done 108/160: hits=0 added=0 total=22
archive_search 109/160: Aeolian Saltation
archive_search_done 109/160: hits=0 added=0 total=22
archive_search 110/160: Aeolian Saltation demonstration
archive_search_done 110/160: hits=0 added=0 total=22
archive_search 111/160: Aeolian Saltation slow motion
archive_search_done 111/160: hits=0 added=0 total=22
archive_search 112/160: Aeolian Saltation video
archive_search_done 112/160: hits=0 added=0 total=22
archive_search 113/160: Aeolian Ripple Formation
archive_search_done 113/160: hits=0 added=0 total=22
archive_search 114/160: Aeolian Ripple Formation demonstration
archive_search_done 114/160: hits=0 added=0 total=22
archive_search 115/160: Aeolian Ripple Formation slow motion
archive_search_done 115/160: hits=0 added=0 total=22
archive_search 116/160: Aeolian Ripple Formation video
archive_search_done 116/160: hits=0 added=0 total=22
archive_search 117/160: Dune Slip-Face Avalanche
archive_search_done 117/160: hits=0 added=0 total=22
archive_search 118/160: Dune Slip-Face Avalanche demonstration
archive_search_done 118/160: hits=0 added=0 total=22
archive_search 119/160: Dune Slip-Face Avalanche slow motion
archive_search_done 119/160: hits=0 added=0 total=22
archive_search 120/160: Dune Slip-Face Avalanche video
archive_search_done 120/160: hits=0 added=0 total=22
archive_search 121/160: Dust Storm Front Propagation
archive_search_done 121/160: hits=0 added=0 total=22
archive_search 122/160: Dust Storm Front Propagation demonstration
archive_search_done 122/160: hits=0 added=0 total=22
archive_search 123/160: Dust Storm Front Propagation slow motion
archive_search_done 123/160: hits=0 added=0 total=22
archive_search 124/160: Dust Storm Front Propagation video
archive_search_done 124/160: hits=0 added=0 total=22
archive_search 125/160: Aeolian Granular Sorting
archive_search_done 125/160: hits=0 added=0 total=22
archive_search 126/160: Aeolian Granular Sorting demonstration
archive_search_done 126/160: hits=0 added=0 total=22
archive_search 127/160: Aeolian Granular Sorting slow motion
archive_search_done 127/160: hits=0 added=0 total=22
archive_search 128/160: Aeolian Granular Sorting video
archive_search_done 128/160: hits=0 added=0 total=22
archive_search 129/160: Plunging Breaker
archive_search_done 129/160: hits=0 added=0 total=22
archive_search 130/160: Plunging Breaker demonstration
archive_search_done 130/160: hits=0 added=0 total=22
archive_search 131/160: Plunging Breaker slow motion
archive_search_done 131/160: hits=0 added=0 total=22
archive_search 132/160: Plunging Breaker video
archive_search_done 132/160: hits=0 added=0 total=22
archive_search 133/160: Storm Surge Propagation
archive_search_done 133/160: hits=2 added=1 total=23
archive_search 134/160: Storm Surge Propagation demonstration
archive_search_done 134/160: hits=2 added=0 total=23
archive_search 135/160: Storm Surge Propagation slow motion
archive_search_done 135/160: hits=2 added=0 total=23
archive_search 136/160: Storm Surge Propagation video
archive_search_done 136/160: hits=2 added=0 total=23
archive_search 137/160: Rip Current Formation
archive_search_done 137/160: hits=2 added=1 total=24
archive_search 138/160: Rip Current Formation demonstration
archive_search_done 138/160: hits=2 added=0 total=24
archive_search 139/160: Rip Current Formation slow motion
archive_search_done 139/160: hits=2 added=0 total=24
archive_search 140/160: Rip Current Formation video
archive_search_done 140/160: hits=2 added=0 total=24
archive_search 141/160: Wave Refraction
archive_search_done 141/160: hits=5 added=4 total=28
archive_search 142/160: Wave Refraction demonstration
archive_search_done 142/160: hits=5 added=0 total=28
archive_search 143/160: Wave Refraction slow motion
archive_search_done 143/160: hits=5 added=0 total=28
archive_search 144/160: Wave Refraction video
archive_search_done 144/160: hits=5 added=0 total=28
archive_search 145/160: Headward Erosion
archive_search_done 145/160: hits=0 added=0 total=28
archive_search 146/160: Headward Erosion demonstration
archive_search_done 146/160: hits=0 added=0 total=28
archive_search 147/160: Headward Erosion slow motion
archive_search_done 147/160: hits=0 added=0 total=28
archive_search 148/160: Headward Erosion video
archive_search_done 148/160: hits=0 added=0 total=28
archive_search 149/160: Delta Lobe Avulsion
archive_search_done 149/160: hits=0 added=0 total=28
archive_search 150/160: Delta Lobe Avulsion demonstration
archive_search_done 150/160: hits=0 added=0 total=28
archive_search 151/160: Delta Lobe Avulsion slow motion
archive_search_done 151/160: hits=0 added=0 total=28
archive_search 152/160: Delta Lobe Avulsion video
archive_search_done 152/160: hits=0 added=0 total=28
archive_search 153/160: Rill Network Expansion
archive_search_done 153/160: hits=0 added=0 total=28
archive_search 154/160: Rill Network Expansion demonstration
archive_search_done 154/160: hits=0 added=0 total=28
archive_search 155/160: Rill Network Expansion slow motion
archive_search_done 155/160: hits=0 added=0 total=28
archive_search 156/160: Rill Network Expansion video
archive_search_done 156/160: hits=0 added=0 total=28
archive_search 157/160: Prandtl-Meyer Expansion Fan
archive_search_done 157/160: hits=0 added=0 total=28
archive_search 158/160: Prandtl-Meyer Expansion Fan demonstration
archive_search_done 158/160: hits=0 added=0 total=28
archive_search 159/160: Prandtl-Meyer Expansion Fan slow motion
archive_search_done 159/160: hits=0 added=0 total=28
archive_search 160/160: Prandtl-Meyer Expansion Fan video
archive_search_done 160/160: hits=0 added=0 total=28
wrote 28 archive rows to data/vdcr_candidate_videos_archive_batch07_v1.csv
