archive_search 1/160: Crown Splash slow motion
archive_search_done 1/160: hits=5 added=0 total=0
archive_search 2/160: Crown Splash video
archive_search_done 2/160: hits=5 added=0 total=0
archive_search 3/160: 冠状飞溅 Crown Splash
archive_search_done 3/160: hits=5 added=0 total=0
archive_search 4/160: Worthington Jet
archive_search_done 4/160: hits=1 added=1 total=1
archive_search 5/160: Worthington Jet demonstration
archive_search_done 5/160: hits=1 added=0 total=1
archive_search 6/160: Worthington Jet slow motion
archive_search_done 6/160: hits=1 added=0 total=1
archive_search 7/160: Worthington Jet video
archive_search_done 7/160: hits=1 added=0 total=1
archive_search 8/160: 沃辛顿射流 Worthington Jet
archive_search_done 8/160: hits=1 added=0 total=1
archive_search 9/160: Vortex Ring Formation
archive_search_done 9/160: hits=2 added=1 total=2
archive_search 10/160: Vortex Ring Formation demonstration
archive_search_done 10/160: hits=2 added=0 total=2
archive_search 11/160: Vortex Ring Formation slow motion
archive_search_done 11/160: hits=2 added=0 total=2
archive_search 12/160: Vortex Ring Formation video
archive_search_done 12/160: hits=2 added=0 total=2
archive_search 13/160: 涡环形成 Vortex Ring Formation
archive_search_done 13/160: hits=2 added=0 total=2
archive_search 14/160: Rayleigh-Benard Convection
archive_search_done 14/160: hits=1 added=1 total=3
archive_search 15/160: Rayleigh-Benard Convection demonstration
archive_search_done 15/160: hits=1 added=0 total=3
archive_search 16/160: Rayleigh-Benard Convection slow motion
archive_search_done 16/160: hits=1 added=0 total=3
archive_search 17/160: Rayleigh-Benard Convection video
archive_search_done 17/160: hits=1 added=0 total=3
archive_search 18/160: 瑞利-贝纳德对流 Rayleigh-Benard Convection
archive_search_done 18/160: hits=1 added=0 total=3
archive_search 19/160: Shear Thickening
archive_search_done 19/160: hits=1 added=1 total=4
archive_search 20/160: Shear Thickening demonstration
archive_search_done 20/160: hits=1 added=0 total=4
archive_search 21/160: Shear Thickening slow motion
archive_search_done 21/160: hits=1 added=0 total=4
archive_search 22/160: Shear Thickening video
archive_search_done 22/160: hits=1 added=0 total=4
archive_search 23/160: 剪切增稠 Shear Thickening
archive_search_done 23/160: hits=1 added=0 total=4
archive_search 24/160: Weissenberg Rod-Climbing Effect
archive_search_done 24/160: hits=0 added=0 total=4
archive_search 25/160: Weissenberg Rod-Climbing Effect demonstration
archive_search_done 25/160: hits=0 added=0 total=4
archive_search 26/160: Weissenberg Rod-Climbing Effect slow motion
archive_search_done 26/160: hits=0 added=0 total=4
archive_search 27/160: Weissenberg Rod-Climbing Effect video
archive_search_done 27/160: hits=0 added=0 total=4
archive_search 28/160: 魏森贝格爬杆效应 Weissenberg Rod-Climbing Effect
archive_search_done 28/160: hits=0 added=0 total=4
archive_search 29/160: Dendritic Crystal Growth
archive_search_done 29/160: hits=0 added=0 total=4
archive_search 30/160: Dendritic Crystal Growth demonstration
archive_search_done 30/160: hits=0 added=0 total=4
archive_search 31/160: Dendritic Crystal Growth slow motion
archive_search_done 31/160: hits=0 added=0 total=4
archive_search 32/160: Dendritic Crystal Growth video
archive_search_done 32/160: hits=0 added=0 total=4
archive_search 33/160: 树枝状晶体生长 Dendritic Crystal Growth
archive_search_done 33/160: hits=0 added=0 total=4
archive_search 34/160: Supercooled Liquid Rapid Crystallization
archive_search_done 34/160: hits=0 added=0 total=4
archive_search 35/160: Supercooled Liquid Rapid Crystallization demonstration
archive_search_done 35/160: hits=0 added=0 total=4
archive_search 36/160: Supercooled Liquid Rapid Crystallization experiment video
archive_search_done 36/160: hits=0 added=0 total=4
archive_search 37/160: Supercooled Liquid Rapid Crystallization slow motion
archive_search_done 37/160: hits=0 added=0 total=4
archive_search 38/160: Supercooled Liquid Rapid Crystallization video
archive_search_done 38/160: hits=0 added=0 total=4
archive_search 39/160: 过冷液体瞬时结晶 Supercooled Liquid Rapid Crystallization
archive_search_done 39/160: hits=0 added=0 total=4
archive_search 40/160: Iodine Clock Reaction
archive_search_done 40/160: hits=2 added=2 total=6
archive_search 41/160: Iodine Clock Reaction demonstration
archive_search_done 41/160: hits=2 added=0 total=6
archive_search 42/160: Iodine Clock Reaction experiment video
archive_search_done 42/160: hits=2 added=0 total=6
archive_search 43/160: Iodine Clock Reaction slow motion
archive_search_done 43/160: hits=2 added=0 total=6
archive_search 44/160: Iodine Clock Reaction video
archive_search_done 44/160: hits=2 added=0 total=6
archive_search 45/160: 碘钟反应 Iodine Clock Reaction
archive_search_done 45/160: hits=2 added=0 total=6
archive_search 46/160: Belousov-Zhabotinsky Reaction
archive_search_done 46/160: hits=3 added=3 total=9
archive_search 47/160: Belousov-Zhabotinsky Reaction demonstration
archive_search_done 47/160: hits=3 added=0 total=9
archive_search 48/160: Belousov-Zhabotinsky Reaction experiment video
archive_search_done 48/160: hits=3 added=0 total=9
archive_search 49/160: Belousov-Zhabotinsky Reaction slow motion
archive_search_done 49/160: hits=3 added=0 total=9
archive_search 50/160: Belousov-Zhabotinsky Reaction video
archive_search_done 50/160: hits=3 added=0 total=9
archive_search 51/160: 别洛乌索夫-扎鲍廷斯基振荡反应 Belousov-Zhabotinsky Reaction
archive_search_done 51/160: hits=3 added=0 total=9
archive_search 52/160: Briggs-Rauscher Reaction
archive_search_done 52/160: hits=1 added=1 total=10
archive_search 53/160: Briggs-Rauscher Reaction demonstration
archive_search_done 53/160: hits=1 added=0 total=10
archive_search 54/160: Briggs-Rauscher Reaction experiment video
archive_search_done 54/160: hits=1 added=0 total=10
archive_search 55/160: Briggs-Rauscher Reaction slow motion
archive_search_done 55/160: hits=1 added=0 total=10
archive_search 56/160: Briggs-Rauscher Reaction video
archive_search_done 56/160: hits=1 added=0 total=10
archive_search 57/160: 布里格斯-劳舍尔振荡反应 Briggs-Rauscher Reaction
archive_search_done 57/160: hits=1 added=0 total=10
archive_search 58/160: Chemical Garden Growth
archive_search_done 58/160: hits=5 added=4 total=14
archive_search 59/160: Chemical Garden Growth demonstration
archive_search_done 59/160: hits=5 added=0 total=14
archive_search 60/160: Chemical Garden Growth experiment video
archive_search_done 60/160: hits=5 added=0 total=14
archive_search 61/160: Chemical Garden Growth slow motion
archive_search_done 61/160: hits=5 added=0 total=14
archive_search 62/160: Chemical Garden Growth video
archive_search_done 62/160: hits=5 added=0 total=14
archive_search 63/160: 化学花园生长 Chemical Garden Growth
archive_search_done 63/160: hits=5 added=0 total=14
archive_search 64/160: Liesegang Ring Formation
archive_search_done 64/160: hits=0 added=0 total=14
archive_search 65/160: Liesegang Ring Formation demonstration
archive_search_done 65/160: hits=0 added=0 total=14
archive_search 66/160: Liesegang Ring Formation experiment video
archive_search_done 66/160: hits=0 added=0 total=14
archive_search 67/160: Liesegang Ring Formation slow motion
archive_search_done 67/160: hits=0 added=0 total=14
archive_search 68/160: Liesegang Ring Formation video
archive_search_done 68/160: hits=0 added=0 total=14
archive_search 69/160: 利塞冈环形成 Liesegang Ring Formation
archive_search_done 69/160: hits=0 added=0 total=14
archive_search 70/160: Spinodal Decomposition
archive_search_done 70/160: hits=1 added=1 total=15
archive_search 71/160: Spinodal Decomposition demonstration
archive_search_done 71/160: hits=1 added=0 total=15
archive_search 72/160: Spinodal Decomposition slow motion
archive_search_done 72/160: hits=1 added=0 total=15
archive_search 73/160: Spinodal Decomposition video
archive_search_done 73/160: hits=1 added=0 total=15
archive_search 74/160: 旋节线分解 Spinodal Decomposition
archive_search_done 74/160: hits=1 added=0 total=15
archive_search 75/160: Thin-Film Dewetting
archive_search_done 75/160: hits=0 added=0 total=15
archive_search 76/160: Thin-Film Dewetting demonstration
archive_search_done 76/160: hits=0 added=0 total=15
archive_search 77/160: Thin-Film Dewetting slow motion
archive_search_done 77/160: hits=0 added=0 total=15
archive_search 78/160: Thin-Film Dewetting video
archive_search_done 78/160: hits=0 added=0 total=15
archive_search 79/160: 液膜退润湿 Thin-Film Dewetting
archive_search_done 79/160: hits=0 added=0 total=15
archive_search 80/160: Electrodeposition Dendrite Growth
archive_search_done 80/160: hits=0 added=0 total=15
archive_search 81/160: Electrodeposition Dendrite Growth demonstration
archive_search_done 81/160: hits=0 added=0 total=15
archive_search 82/160: Electrodeposition Dendrite Growth slow motion
archive_search_done 82/160: hits=0 added=0 total=15
archive_search 83/160: Electrodeposition Dendrite Growth video
archive_search_done 83/160: hits=0 added=0 total=15
archive_search 84/160: 电沉积枝晶生长 Electrodeposition Dendrite Growth
archive_search_done 84/160: hits=0 added=0 total=15
archive_search 85/160: C 型快速逃逸反应
archive_search_done 85/160: hits=1 added=1 total=16
archive_search 86/160: C 型快速逃逸反应 C-Start Escape Response
archive_search_done 86/160: hits=5 added=5 total=21
archive_search 87/160: C 型快速逃逸反应 video
archive_search_done 87/160: hits=5 added=5 total=26
archive_search 88/160: C-Start Escape Response
archive_search_done 88/160: hits=5 added=0 total=26
archive_search 89/160: C-Start Escape Response demonstration
archive_search_done 89/160: hits=5 added=0 total=26
archive_search 90/160: C-Start Escape Response slow motion
archive_search_done 90/160: hits=5 added=0 total=26
archive_search 91/160: C-Start Escape Response technique video
archive_search_done 91/160: hits=5 added=4 total=30
archive_search 92/160: C-Start Escape Response video
archive_search_done 92/160: hits=5 added=0 total=30
archive_search 93/160: Jet Propulsion Swimming
archive_search_done 93/160: hits=5 added=5 total=35
archive_search 94/160: Jet Propulsion Swimming demonstration
archive_search_done 94/160: hits=5 added=0 total=35
archive_search 95/160: Jet Propulsion Swimming slow motion
archive_search_done 95/160: hits=5 added=0 total=35
archive_search 96/160: Jet Propulsion Swimming video
archive_search_done 96/160: hits=5 added=0 total=35
archive_search 97/160: 喷射推进游动 Jet Propulsion Swimming
archive_search_done 97/160: hits=5 added=0 total=35
archive_search 98/160: Metachronal Wave Locomotion
archive_search_done 98/160: hits=0 added=0 total=35
archive_search 99/160: Metachronal Wave Locomotion demonstration
archive_search_done 99/160: hits=0 added=0 total=35
archive_search 100/160: Metachronal Wave Locomotion slow motion
archive_search_done 100/160: hits=0 added=0 total=35
archive_search 101/160: Metachronal Wave Locomotion video
archive_search_done 101/160: hits=0 added=0 total=35
archive_search 102/160: 节律相位波推进 Metachronal Wave Locomotion
archive_search_done 102/160: hits=0 added=0 total=35
archive_search 103/160: Bubble-Net Feeding
archive_search_done 103/160: hits=5 added=5 total=40
archive_search 104/160: Bubble-Net Feeding demonstration
archive_search_done 104/160: hits=5 added=0 total=40
archive_search 105/160: Bubble-Net Feeding slow motion
archive_search_done 105/160: hits=5 added=0 total=40
archive_search 106/160: Bubble-Net Feeding video
archive_search_done 106/160: hits=5 added=0 total=40
archive_search 107/160: Bubble-Net Feeding wildlife video
archive_search_done 107/160: hits=3 added=0 total=40
archive_search 108/160: 泡泡网捕食 Bubble-Net Feeding
archive_search_done 108/160: hits=5 added=0 total=40
archive_search 109/160: Mud-Ring Feeding
archive_search_done 109/160: hits=2 added=2 total=42
archive_search 110/160: Mud-Ring Feeding demonstration
archive_search_done 110/160: hits=2 added=0 total=42
archive_search 111/160: Mud-Ring Feeding slow motion
archive_search_done 111/160: hits=2 added=0 total=42
archive_search 112/160: Mud-Ring Feeding video
archive_search_done 112/160: hits=2 added=0 total=42
archive_search 113/160: Mud-Ring Feeding wildlife video
archive_search_done 113/160: hits=1 added=0 total=42
archive_search 114/160: 泥环捕食 Mud-Ring Feeding
archive_search_done 114/160: hits=2 added=0 total=42
archive_search 115/160: Murmuration
archive_search_done 115/160: hits=5 added=5 total=47
archive_search 116/160: Murmuration demonstration
archive_search_done 116/160: hits=5 added=0 total=47
archive_search 117/160: Murmuration slow motion
archive_search_done 117/160: hits=5 added=0 total=47
archive_search 118/160: Murmuration video
archive_search_done 118/160: hits=5 added=0 total=47
archive_search 119/160: Murmuration wildlife video
archive_search_done 119/160: hits=3 added=1 total=48
archive_search 120/160: 鸟群群舞 Murmuration
archive_search_done 120/160: hits=5 added=0 total=48
archive_search 121/160: Elastico
archive_search_done 121/160: hits=5 added=5 total=53
archive_search 122/160: Elastico / Flip Flap
archive_search_done 122/160: hits=0 added=0 total=53
archive_search 123/160: Elastico / Flip Flap demonstration
archive_search_done 123/160: hits=0 added=0 total=53
archive_search 124/160: Elastico / Flip Flap slow motion
archive_search_done 124/160: hits=0 added=0 total=53
archive_search 125/160: Elastico / Flip Flap technique video
archive_search_done 125/160: hits=0 added=0 total=53
archive_search 126/160: Elastico / Flip Flap video
archive_search_done 126/160: hits=0 added=0 total=53
archive_search 127/160: Elastico video
archive_search_done 127/160: hits=5 added=0 total=53
archive_search 128/160: Flip Flap
archive_search_done 128/160: hits=5 added=5 total=58
archive_search 129/160: Flip Flap video
archive_search_done 129/160: hits=5 added=0 total=58
archive_search 130/160: 牛尾巴 Elastico / Flip Flap
archive_search_done 130/160: hits=0 added=0 total=58
archive_search 131/160: Marseille Turn
archive_search_done 131/160: hits=5 added=5 total=63
archive_search 132/160: Marseille Turn / Roulette
archive_search_done 132/160: hits=1 added=0 total=63
archive_search 133/160: Marseille Turn / Roulette demonstration
archive_search_done 133/160: hits=1 added=0 total=63
archive_search 134/160: Marseille Turn / Roulette slow motion
archive_search_done 134/160: hits=1 added=0 total=63
archive_search 135/160: Marseille Turn / Roulette technique video
archive_search_done 135/160: hits=0 added=0 total=63
archive_search 136/160: Marseille Turn / Roulette video
archive_search_done 136/160: hits=1 added=0 total=63
archive_search 137/160: Marseille Turn video
archive_search_done 137/160: hits=5 added=0 total=63
archive_search 138/160: Roulette
archive_search_done 138/160: hits=5 added=5 total=68
archive_search 139/160: Roulette video
archive_search_done 139/160: hits=5 added=0 total=68
archive_search 140/160: 马赛回旋 Marseille Turn / Roulette
archive_search_done 140/160: hits=1 added=0 total=68
archive_search 141/160: Cruyff Turn
archive_search_done 141/160: hits=1 added=1 total=69
archive_search 142/160: Cruyff Turn demonstration
archive_search_done 142/160: hits=1 added=0 total=69
archive_search 143/160: Cruyff Turn slow motion
archive_search_done 143/160: hits=1 added=0 total=69
archive_search 144/160: Cruyff Turn technique video
archive_search_done 144/160: hits=0 added=0 total=69
archive_search 145/160: Cruyff Turn video
archive_search_done 145/160: hits=1 added=0 total=69
archive_search 146/160: 克鲁伊夫转身 Cruyff Turn
archive_search_done 146/160: hits=1 added=0 total=69
archive_search 147/160: Rainbow Flick
archive_search_done 147/160: hits=5 added=4 total=73
archive_search 148/160: Rainbow Flick demonstration
archive_search_done 148/160: hits=5 added=0 total=73
archive_search 149/160: Rainbow Flick slow motion
archive_search_done 149/160: hits=5 added=0 total=73
archive_search 150/160: Rainbow Flick technique video
archive_search_done 150/160: hits=2 added=2 total=75
archive_search 151/160: Rainbow Flick video
archive_search_done 151/160: hits=5 added=0 total=75
archive_search 152/160: 彩虹过人 Rainbow Flick
archive_search_done 152/160: hits=5 added=0 total=75
archive_search 153/160: Rabona
archive_search_done 153/160: hits=3 added=3 total=78
archive_search 154/160: Rabona demonstration
archive_search_done 154/160: hits=3 added=0 total=78
archive_search 155/160: Rabona slow motion
archive_search_done 155/160: hits=3 added=0 total=78
archive_search 156/160: Rabona technique video
archive_search_done 156/160: hits=0 added=0 total=78
archive_search 157/160: Rabona video
archive_search_done 157/160: hits=3 added=0 total=78
archive_search 158/160: 插花脚 Rabona
archive_search_done 158/160: hits=3 added=0 total=78
archive_search 159/160: Spain Action
archive_search_done 159/160: hits=5 added=4 total=82
archive_search 160/160: Spain Action demonstration
archive_search_done 160/160: hits=5 added=0 total=82
wrote 82 archive rows to data/vdcr_candidate_videos_archive_batch02_v1.csv
