archive_search 1/160: Eskimo Roll / Kayak Roll demonstration
archive_search_done 1/160: hits=3 added=0 total=0
archive_search 2/160: Eskimo Roll / Kayak Roll slow motion
archive_search_done 2/160: hits=3 added=0 total=0
archive_search 3/160: Eskimo Roll / Kayak Roll technique video
archive_search_done 3/160: hits=1 added=0 total=0
archive_search 4/160: Eskimo Roll / Kayak Roll video
archive_search_done 4/160: hits=3 added=0 total=0
archive_search 5/160: Eskimo Roll video
archive_search_done 5/160: hits=5 added=0 total=0
archive_search 6/160: Kayak Roll
archive_search_done 6/160: hits=5 added=3 total=3
archive_search 7/160: Kayak Roll video
archive_search_done 7/160: hits=5 added=0 total=3
archive_search 8/160: Eggbeater Kick
archive_search_done 8/160: hits=0 added=0 total=3
archive_search 9/160: Eggbeater Kick demonstration
archive_search_done 9/160: hits=0 added=0 total=3
archive_search 10/160: Eggbeater Kick slow motion
archive_search_done 10/160: hits=0 added=0 total=3
archive_search 11/160: Eggbeater Kick technique video
archive_search_done 11/160: hits=0 added=0 total=3
archive_search 12/160: Eggbeater Kick video
archive_search_done 12/160: hits=0 added=0 total=3
archive_search 13/160: Surfing Bottom Turn
archive_search_done 13/160: hits=5 added=4 total=7
archive_search 14/160: Surfing Bottom Turn demonstration
archive_search_done 14/160: hits=5 added=0 total=7
archive_search 15/160: Surfing Bottom Turn slow motion
archive_search_done 15/160: hits=5 added=0 total=7
archive_search 16/160: Surfing Bottom Turn technique video
archive_search_done 16/160: hits=0 added=0 total=7
archive_search 17/160: Surfing Bottom Turn video
archive_search_done 17/160: hits=5 added=0 total=7
archive_search 18/160: Carving Turn
archive_search_done 18/160: hits=5 added=5 total=12
archive_search 19/160: Carving Turn demonstration
archive_search_done 19/160: hits=5 added=0 total=12
archive_search 20/160: Carving Turn slow motion
archive_search_done 20/160: hits=5 added=0 total=12
archive_search 21/160: Carving Turn technique video
archive_search_done 21/160: hits=3 added=1 total=13
archive_search 22/160: Carving Turn video
archive_search_done 22/160: hits=5 added=0 total=13
archive_search 23/160: Ollie
archive_search_done 23/160: hits=5 added=5 total=18
archive_search 24/160: Ollie demonstration
archive_search_done 24/160: hits=5 added=0 total=18
archive_search 25/160: Ollie slow motion
archive_search_done 25/160: hits=5 added=0 total=18
archive_search 26/160: Ollie technique video
archive_search_done 26/160: hits=3 added=2 total=20
archive_search 27/160: Ollie video
archive_search_done 27/160: hits=5 added=0 total=20
archive_search 28/160: La Croqueta football skill
archive_search_done 28/160: hits=0 added=0 total=20
archive_search 29/160: La Croqueta soccer skill
archive_search_done 29/160: hits=0 added=0 total=20
archive_search 30/160: La Croqueta soccer technique video
archive_search_done 30/160: hits=0 added=0 total=20
archive_search 31/160: Floppy Action basketball offense
archive_search_done 31/160: hits=0 added=0 total=20
archive_search 32/160: Floppy Action basketball play
archive_search_done 32/160: hits=2 added=2 total=22
archive_search 33/160: Floppy Action basketball video
archive_search_done 33/160: hits=2 added=0 total=22
archive_search 34/160: Iverson Cut basketball offense
archive_search_done 34/160: hits=0 added=0 total=22
archive_search 35/160: Iverson Cut basketball play
archive_search_done 35/160: hits=0 added=0 total=22
archive_search 36/160: Iverson Cut basketball video
archive_search_done 36/160: hits=0 added=0 total=22
archive_search 37/160: UCLA Cut basketball offense
archive_search_done 37/160: hits=1 added=1 total=23
archive_search 38/160: UCLA Cut basketball play
archive_search_done 38/160: hits=1 added=0 total=23
archive_search 39/160: UCLA Cut basketball video
archive_search_done 39/160: hits=4 added=3 total=26
archive_search 40/160: UCLA 切入 basketball offense
archive_search_done 40/160: hits=1 added=0 total=26
archive_search 41/160: UCLA 切入 basketball play
archive_search_done 41/160: hits=5 added=4 total=30
archive_search 42/160: UCLA 切入 basketball video
archive_search_done 42/160: hits=5 added=4 total=34
archive_search 43/160: Ram Screen basketball offense
archive_search_done 43/160: hits=0 added=0 total=34
archive_search 44/160: Ram Screen basketball play
archive_search_done 44/160: hits=0 added=0 total=34
archive_search 45/160: Ram Screen basketball video
archive_search_done 45/160: hits=1 added=1 total=35
archive_search 46/160: Spain Back Screen basketball offense
archive_search_done 46/160: hits=0 added=0 total=35
archive_search 47/160: Spain Back Screen basketball play
archive_search_done 47/160: hits=1 added=0 total=35
archive_search 48/160: Spain Back Screen basketball video
archive_search_done 48/160: hits=1 added=0 total=35
archive_search 49/160: Hydrotropism
archive_search_done 49/160: hits=0 added=0 total=35
archive_search 50/160: Hydrotropism demonstration
archive_search_done 50/160: hits=0 added=0 total=35
archive_search 51/160: Hydrotropism slow motion
archive_search_done 51/160: hits=0 added=0 total=35
archive_search 52/160: Hydrotropism video
archive_search_done 52/160: hits=0 added=0 total=35
archive_search 53/160: Seismonasty
archive_search_done 53/160: hits=0 added=0 total=35
archive_search 54/160: Seismonasty demonstration
archive_search_done 54/160: hits=0 added=0 total=35
archive_search 55/160: Seismonasty slow motion
archive_search_done 55/160: hits=0 added=0 total=35
archive_search 56/160: Seismonasty video
archive_search_done 56/160: hits=0 added=0 total=35
archive_search 57/160: Tendril Circumnutation
archive_search_done 57/160: hits=0 added=0 total=35
archive_search 58/160: Tendril Circumnutation demonstration
archive_search_done 58/160: hits=0 added=0 total=35
archive_search 59/160: Tendril Circumnutation slow motion
archive_search_done 59/160: hits=0 added=0 total=35
archive_search 60/160: Tendril Circumnutation video
archive_search_done 60/160: hits=0 added=0 total=35
archive_search 61/160: Tendril Coiling
archive_search_done 61/160: hits=0 added=0 total=35
archive_search 62/160: Tendril Coiling demonstration
archive_search_done 62/160: hits=0 added=0 total=35
archive_search 63/160: Tendril Coiling slow motion
archive_search_done 63/160: hits=0 added=0 total=35
archive_search 64/160: Tendril Coiling video
archive_search_done 64/160: hits=0 added=0 total=35
archive_search 65/160: Amoeboid Chemotactic Crawling
archive_search_done 65/160: hits=0 added=0 total=35
archive_search 66/160: Amoeboid Chemotactic Crawling demonstration
archive_search_done 66/160: hits=0 added=0 total=35
archive_search 67/160: Amoeboid Chemotactic Crawling slow motion
archive_search_done 67/160: hits=0 added=0 total=35
archive_search 68/160: Amoeboid Chemotactic Crawling video
archive_search_done 68/160: hits=0 added=0 total=35
archive_search 69/160: Cytokinetic Furrow Ingression
archive_search_done 69/160: hits=0 added=0 total=35
archive_search 70/160: Cytokinetic Furrow Ingression demonstration
archive_search_done 70/160: hits=0 added=0 total=35
archive_search 71/160: Cytokinetic Furrow Ingression slow motion
archive_search_done 71/160: hits=0 added=0 total=35
archive_search 72/160: Cytokinetic Furrow Ingression video
archive_search_done 72/160: hits=0 added=0 total=35
archive_search 73/160: Neutrophil Chemotaxis
archive_search_done 73/160: hits=0 added=0 total=35
archive_search 74/160: Neutrophil Chemotaxis demonstration
archive_search_done 74/160: hits=0 added=0 total=35
archive_search 75/160: Neutrophil Chemotaxis slow motion
archive_search_done 75/160: hits=0 added=0 total=35
archive_search 76/160: Neutrophil Chemotaxis video
archive_search_done 76/160: hits=0 added=0 total=35
archive_search 77/160: Axonal Transport
archive_search_done 77/160: hits=1 added=1 total=36
archive_search 78/160: Axonal Transport demonstration
archive_search_done 78/160: hits=1 added=0 total=36
archive_search 79/160: Axonal Transport slow motion
archive_search_done 79/160: hits=1 added=0 total=36
archive_search 80/160: Axonal Transport video
archive_search_done 80/160: hits=1 added=0 total=36
archive_search 81/160: Mitochondrial Fission-Fusion Dynamics
archive_search_done 81/160: hits=0 added=0 total=36
archive_search 82/160: Mitochondrial Fission-Fusion Dynamics demonstration
archive_search_done 82/160: hits=0 added=0 total=36
archive_search 83/160: Mitochondrial Fission-Fusion Dynamics slow motion
archive_search_done 83/160: hits=0 added=0 total=36
archive_search 84/160: Mitochondrial Fission-Fusion Dynamics video
archive_search_done 84/160: hits=0 added=0 total=36
archive_search 85/160: Phagocytosis
archive_search_done 85/160: hits=5 added=5 total=41
archive_search 86/160: Phagocytosis demonstration
archive_search_done 86/160: hits=5 added=0 total=41
archive_search 87/160: Phagocytosis slow motion
archive_search_done 87/160: hits=5 added=0 total=41
archive_search 88/160: Phagocytosis video
archive_search_done 88/160: hits=5 added=0 total=41
archive_search 89/160: Vesicle Budding
archive_search_done 89/160: hits=0 added=0 total=41
archive_search 90/160: Vesicle Budding demonstration
archive_search_done 90/160: hits=0 added=0 total=41
archive_search 91/160: Vesicle Budding slow motion
archive_search_done 91/160: hits=0 added=0 total=41
archive_search 92/160: Vesicle Budding video
archive_search_done 92/160: hits=0 added=0 total=41
archive_search 93/160: Vesicle Fusion
archive_search_done 93/160: hits=0 added=0 total=41
archive_search 94/160: Vesicle Fusion demonstration
archive_search_done 94/160: hits=0 added=0 total=41
archive_search 95/160: Vesicle Fusion slow motion
archive_search_done 95/160: hits=0 added=0 total=41
archive_search 96/160: Vesicle Fusion video
archive_search_done 96/160: hits=0 added=0 total=41
archive_search 97/160: Pinocytosis
archive_search_done 97/160: hits=0 added=0 total=41
archive_search 98/160: Pinocytosis demonstration
archive_search_done 98/160: hits=0 added=0 total=41
archive_search 99/160: Pinocytosis slow motion
archive_search_done 99/160: hits=0 added=0 total=41
archive_search 100/160: Pinocytosis video
archive_search_done 100/160: hits=0 added=0 total=41
archive_search 101/160: Actin Wave
archive_search_done 101/160: hits=1 added=1 total=42
archive_search 102/160: Actin Wave demonstration
archive_search_done 102/160: hits=1 added=0 total=42
archive_search 103/160: Actin Wave slow motion
archive_search_done 103/160: hits=1 added=0 total=42
archive_search 104/160: Actin Wave video
archive_search_done 104/160: hits=1 added=0 total=42
archive_search 105/160: Lamellipodium Extension
archive_search_done 105/160: hits=0 added=0 total=42
archive_search 106/160: Lamellipodium Extension demonstration
archive_search_done 106/160: hits=0 added=0 total=42
archive_search 107/160: Lamellipodium Extension slow motion
archive_search_done 107/160: hits=0 added=0 total=42
archive_search 108/160: Lamellipodium Extension video
archive_search_done 108/160: hits=0 added=0 total=42
archive_search 109/160: Filopodium Protrusion
archive_search_done 109/160: hits=0 added=0 total=42
archive_search 110/160: Filopodium Protrusion demonstration
archive_search_done 110/160: hits=0 added=0 total=42
archive_search 111/160: Filopodium Protrusion slow motion
archive_search_done 111/160: hits=0 added=0 total=42
archive_search 112/160: Filopodium Protrusion video
archive_search_done 112/160: hits=0 added=0 total=42
archive_search 113/160: Actomyosin Contractile Ring Constriction
archive_search_done 113/160: hits=0 added=0 total=42
archive_search 114/160: Actomyosin Contractile Ring Constriction demonstration
archive_search_done 114/160: hits=0 added=0 total=42
archive_search 115/160: Actomyosin Contractile Ring Constriction slow motion
archive_search_done 115/160: hits=0 added=0 total=42
archive_search 116/160: Actomyosin Contractile Ring Constriction video
archive_search_done 116/160: hits=0 added=0 total=42
archive_search 117/160: Membrane Blebbing
archive_search_done 117/160: hits=0 added=0 total=42
archive_search 118/160: Membrane Blebbing demonstration
archive_search_done 118/160: hits=0 added=0 total=42
archive_search 119/160: Membrane Blebbing slow motion
archive_search_done 119/160: hits=0 added=0 total=42
archive_search 120/160: Membrane Blebbing video
archive_search_done 120/160: hits=0 added=0 total=42
archive_search 121/160: Cleavage
archive_search_done 121/160: hits=5 added=5 total=47
archive_search 122/160: Cleavage demonstration
archive_search_done 122/160: hits=5 added=0 total=47
archive_search 123/160: Cleavage slow motion
archive_search_done 123/160: hits=5 added=0 total=47
archive_search 124/160: Cleavage video
archive_search_done 124/160: hits=5 added=0 total=47
archive_search 125/160: Tissue Invagination
archive_search_done 125/160: hits=0 added=0 total=47
archive_search 126/160: Tissue Invagination demonstration
archive_search_done 126/160: hits=0 added=0 total=47
archive_search 127/160: Tissue Invagination slow motion
archive_search_done 127/160: hits=0 added=0 total=47
archive_search 128/160: Tissue Invagination video
archive_search_done 128/160: hits=0 added=0 total=47
archive_search 129/160: Chloroplast Photorelocation Movement
archive_search_done 129/160: hits=0 added=0 total=47
archive_search 130/160: Chloroplast Photorelocation Movement demonstration
archive_search_done 130/160: hits=0 added=0 total=47
archive_search 131/160: Chloroplast Photorelocation Movement slow motion
archive_search_done 131/160: hits=0 added=0 total=47
archive_search 132/160: Chloroplast Photorelocation Movement video
archive_search_done 132/160: hits=0 added=0 total=47
archive_search 133/160: Pollen Tube Chemotropic Growth
archive_search_done 133/160: hits=0 added=0 total=47
archive_search 134/160: Pollen Tube Chemotropic Growth demonstration
archive_search_done 134/160: hits=0 added=0 total=47
archive_search 135/160: Pollen Tube Chemotropic Growth slow motion
archive_search_done 135/160: hits=0 added=0 total=47
archive_search 136/160: Pollen Tube Chemotropic Growth video
archive_search_done 136/160: hits=0 added=0 total=47
archive_search 137/160: Root Hair Tip Growth
archive_search_done 137/160: hits=4 added=2 total=49
archive_search 138/160: Root Hair Tip Growth demonstration
archive_search_done 138/160: hits=4 added=0 total=49
archive_search 139/160: Root Hair Tip Growth slow motion
archive_search_done 139/160: hits=4 added=0 total=49
archive_search 140/160: Root Hair Tip Growth video
archive_search_done 140/160: hits=4 added=0 total=49
archive_search 141/160: Plasmolysis and Deplasmolysis
archive_search_done 141/160: hits=0 added=0 total=49
archive_search 142/160: Plasmolysis and Deplasmolysis demonstration
archive_search_done 142/160: hits=0 added=0 total=49
archive_search 143/160: Plasmolysis and Deplasmolysis slow motion
archive_search_done 143/160: hits=0 added=0 total=49
archive_search 144/160: Plasmolysis and Deplasmolysis video
archive_search_done 144/160: hits=0 added=0 total=49
archive_search 145/160: Bacterial Swarming Motility
archive_search_done 145/160: hits=0 added=0 total=49
archive_search 146/160: Bacterial Swarming Motility demonstration
archive_search_done 146/160: hits=0 added=0 total=49
archive_search 147/160: Bacterial Swarming Motility slow motion
archive_search_done 147/160: hits=0 added=0 total=49
archive_search 148/160: Bacterial Swarming Motility video
archive_search_done 148/160: hits=0 added=0 total=49
archive_search 149/160: Biofilm Expansion
archive_search_done 149/160: hits=1 added=1 total=50
archive_search 150/160: Biofilm Expansion demonstration
archive_search_done 150/160: hits=1 added=0 total=50
archive_search 151/160: Biofilm Expansion slow motion
archive_search_done 151/160: hits=1 added=0 total=50
archive_search 152/160: Biofilm Expansion video
archive_search_done 152/160: hits=1 added=0 total=50
archive_search 153/160: Quorum-Sensing Wave
archive_search_done 153/160: hits=0 added=0 total=50
archive_search 154/160: Quorum-Sensing Wave demonstration
archive_search_done 154/160: hits=0 added=0 total=50
archive_search 155/160: Quorum-Sensing Wave slow motion
archive_search_done 155/160: hits=0 added=0 total=50
archive_search 156/160: Quorum-Sensing Wave video
archive_search_done 156/160: hits=0 added=0 total=50
archive_search 157/160: Slime Mold Aggregation
archive_search_done 157/160: hits=0 added=0 total=50
archive_search 158/160: Slime Mold Aggregation demonstration
archive_search_done 158/160: hits=0 added=0 total=50
archive_search 159/160: Slime Mold Aggregation slow motion
archive_search_done 159/160: hits=0 added=0 total=50
archive_search 160/160: Slime Mold Aggregation video
archive_search_done 160/160: hits=0 added=0 total=50
wrote 50 archive rows to data/vdcr_candidate_videos_archive_batch06_v1.csv
