commons_search 1/40: Vortex Shedding / Karman Vortex Street demonstration
WARNING: skipping search_term='Vortex Shedding / Karman Vortex Street demonstration': HTTP Error 403: Too Many Reqs (1862a4b)
commons_search 2/40: Vortex Shedding / Karman Vortex Street slow motion
WARNING: skipping search_term='Vortex Shedding / Karman Vortex Street slow motion': HTTP Error 403: Too Many Reqs (1862a4b)
commons_search 3/40: Vortex Shedding / Karman Vortex Street video
WARNING: skipping search_term='Vortex Shedding / Karman Vortex Street video': HTTP Error 403: Too Many Reqs (1862a4b)
commons_search 4/40: 周期涡脱落/卡门涡街 Vortex Shedding / Karman Vortex Street
WARNING: skipping search_term='周期涡脱落/卡门涡街 Vortex Shedding / Karman Vortex Street': HTTP Error 403: Too Many Reqs (1862a4b)
commons_search 5/40: Cavitation Bubble Growth and Collapse demonstration
WARNING: skipping search_term='Cavitation Bubble Growth and Collapse demonstration': HTTP Error 403: Too Many Reqs (1862a4b)
commons_search 6/40: Cavitation Bubble Growth and Collapse slow motion
WARNING: skipping search_term='Cavitation Bubble Growth and Collapse slow motion': HTTP Error 403: Too Many Reqs (1862a4b)
commons_search 7/40: Cavitation Bubble Growth and Collapse video
WARNING: skipping search_term='Cavitation Bubble Growth and Collapse video': HTTP Error 403: Too Many Reqs (1862a4b)
commons_search 8/40: 空化泡生长与塌缩 Cavitation Bubble Growth and Collapse
WARNING: skipping search_term='空化泡生长与塌缩 Cavitation Bubble Growth and Collapse': HTTP Error 403: Too Many Reqs (1862a4b)
commons_search 9/40: Kelvin-Helmholtz Instability demonstration
WARNING: skipping search_term='Kelvin-Helmholtz Instability demonstration': HTTP Error 403: Too Many Reqs (1862a4b)
commons_search 10/40: Kelvin-Helmholtz Instability slow motion
WARNING: skipping search_term='Kelvin-Helmholtz Instability slow motion': HTTP Error 403: Too Many Reqs (1862a4b)
commons_search 11/40: Kelvin-Helmholtz Instability video
WARNING: skipping search_term='Kelvin-Helmholtz Instability video': HTTP Error 403: Too Many Reqs (1862a4b)
commons_search 12/40: 开尔文-亥姆霍兹不稳定性 Kelvin-Helmholtz Instability
WARNING: skipping search_term='开尔文-亥姆霍兹不稳定性 Kelvin-Helmholtz Instability': HTTP Error 403: Too Many Reqs (1862a4b)
commons_search 13/40: Rayleigh-Taylor Instability demonstration
WARNING: skipping search_term='Rayleigh-Taylor Instability demonstration': HTTP Error 403: Too Many Reqs (1862a4b)
commons_search 14/40: Rayleigh-Taylor Instability slow motion
WARNING: skipping search_term='Rayleigh-Taylor Instability slow motion': HTTP Error 403: Too Many Reqs (1862a4b)
commons_search 15/40: Rayleigh-Taylor Instability video
WARNING: skipping search_term='Rayleigh-Taylor Instability video': HTTP Error 403: Too Many Reqs (1862a4b)
commons_search 16/40: 瑞利-泰勒不稳定性 Rayleigh-Taylor Instability
WARNING: skipping search_term='瑞利-泰勒不稳定性 Rayleigh-Taylor Instability': HTTP Error 403: Too Many Reqs (1862a4b)
commons_search 17/40: Hydraulic Jump demonstration
WARNING: skipping search_term='Hydraulic Jump demonstration': HTTP Error 403: Too Many Reqs (1862a4b)
commons_search 18/40: Hydraulic Jump slow motion
WARNING: skipping search_term='Hydraulic Jump slow motion': HTTP Error 403: Too Many Reqs (1862a4b)
commons_search 19/40: Hydraulic Jump video
WARNING: skipping search_term='Hydraulic Jump video': HTTP Error 403: Too Many Reqs (1862a4b)
commons_search 20/40: 水跃 Hydraulic Jump
WARNING: skipping search_term='水跃 Hydraulic Jump': HTTP Error 403: Too Many Reqs (1862a4b)
commons_search 21/40: Rayleigh-Plateau Breakup demonstration
WARNING: skipping search_term='Rayleigh-Plateau Breakup demonstration': HTTP Error 403: Too Many Reqs (1862a4b)
commons_search 22/40: Rayleigh-Plateau Breakup slow motion
WARNING: skipping search_term='Rayleigh-Plateau Breakup slow motion': HTTP Error 403: Too Many Reqs (1862a4b)
commons_search 23/40: Rayleigh-Plateau Breakup video
WARNING: skipping search_term='Rayleigh-Plateau Breakup video': HTTP Error 403: Too Many Reqs (1862a4b)
commons_search 24/40: 瑞利-普拉托断裂 Rayleigh-Plateau Breakup
WARNING: skipping search_term='瑞利-普拉托断裂 Rayleigh-Plateau Breakup': HTTP Error 403: Too Many Reqs (1862a4b)
commons_search 25/40: Liquid Bridge Pinch-Off demonstration
WARNING: skipping search_term='Liquid Bridge Pinch-Off demonstration': HTTP Error 403: Too Many Reqs (1862a4b)
commons_search 26/40: Liquid Bridge Pinch-Off slow motion
WARNING: skipping search_term='Liquid Bridge Pinch-Off slow motion': HTTP Error 403: Too Many Reqs (1862a4b)
commons_search 27/40: Liquid Bridge Pinch-Off video
WARNING: skipping search_term='Liquid Bridge Pinch-Off video': HTTP Error 403: Too Many Reqs (1862a4b)
commons_search 28/40: 液桥颈缩断裂 Liquid Bridge Pinch-Off
WARNING: skipping search_term='液桥颈缩断裂 Liquid Bridge Pinch-Off': HTTP Error 403: Too Many Reqs (1862a4b)
commons_search 29/40: Leidenfrost Droplet Motion demonstration
WARNING: skipping search_term='Leidenfrost Droplet Motion demonstration': HTTP Error 403: Too Many Reqs (1862a4b)
commons_search 30/40: Leidenfrost Droplet Motion slow motion
WARNING: skipping search_term='Leidenfrost Droplet Motion slow motion': HTTP Error 403: Too Many Reqs (1862a4b)
commons_search 31/40: Leidenfrost Droplet Motion video
WARNING: skipping search_term='Leidenfrost Droplet Motion video': HTTP Error 403: Too Many Reqs (1862a4b)
commons_search 32/40: 莱顿弗罗斯特液滴运动 Leidenfrost Droplet Motion
WARNING: skipping search_term='莱顿弗罗斯特液滴运动 Leidenfrost Droplet Motion': HTTP Error 403: Too Many Reqs (1862a4b)
commons_search 33/40: Marangoni-Driven Flow demonstration
WARNING: skipping search_term='Marangoni-Driven Flow demonstration': HTTP Error 403: Too Many Reqs (1862a4b)
commons_search 34/40: Marangoni-Driven Flow slow motion
WARNING: skipping search_term='Marangoni-Driven Flow slow motion': HTTP Error 403: Too Many Reqs (1862a4b)
commons_search 35/40: Marangoni-Driven Flow video
WARNING: skipping search_term='Marangoni-Driven Flow video': HTTP Error 403: Too Many Reqs (1862a4b)
commons_search 36/40: 马兰戈尼驱动流 Marangoni-Driven Flow
WARNING: skipping search_term='马兰戈尼驱动流 Marangoni-Driven Flow': HTTP Error 403: Too Many Reqs (1862a4b)
commons_search 37/40: Standing Wave Formation demonstration
WARNING: skipping search_term='Standing Wave Formation demonstration': HTTP Error 403: Too Many Reqs (1862a4b)
commons_search 38/40: Standing Wave Formation slow motion
WARNING: skipping search_term='Standing Wave Formation slow motion': HTTP Error 403: Too Many Reqs (1862a4b)
commons_search 39/40: Standing Wave Formation video
WARNING: skipping search_term='Standing Wave Formation video': HTTP Error 403: Too Many Reqs (1862a4b)
commons_search 40/40: 驻波形成 Standing Wave Formation
WARNING: skipping search_term='驻波形成 Standing Wave Formation': HTTP Error 403: Too Many Reqs (1862a4b)
wrote 0 rows to data/vdcr_candidate_videos_commons_v1.csv
skipped_search_terms=40
archive_search 1/40: Vortex Shedding / Karman Vortex Street demonstration
archive_search_done 1/40: hits=0 added=0 total=0
archive_search 2/40: Vortex Shedding / Karman Vortex Street slow motion
archive_search_done 2/40: hits=0 added=0 total=0
archive_search 3/40: Vortex Shedding / Karman Vortex Street video
archive_search_done 3/40: hits=0 added=0 total=0
archive_search 4/40: 周期涡脱落/卡门涡街 Vortex Shedding / Karman Vortex Street
archive_search_done 4/40: hits=0 added=0 total=0
archive_search 5/40: Cavitation Bubble Growth and Collapse demonstration
archive_search_done 5/40: hits=0 added=0 total=0
archive_search 6/40: Cavitation Bubble Growth and Collapse slow motion
archive_search_done 6/40: hits=0 added=0 total=0
archive_search 7/40: Cavitation Bubble Growth and Collapse video
archive_search_done 7/40: hits=0 added=0 total=0
archive_search 8/40: 空化泡生长与塌缩 Cavitation Bubble Growth and Collapse
archive_search_done 8/40: hits=0 added=0 total=0
archive_search 9/40: Kelvin-Helmholtz Instability demonstration
archive_search_done 9/40: hits=0 added=0 total=0
archive_search 10/40: Kelvin-Helmholtz Instability slow motion
archive_search_done 10/40: hits=0 added=0 total=0
archive_search 11/40: Kelvin-Helmholtz Instability video
archive_search_done 11/40: hits=0 added=0 total=0
archive_search 12/40: 开尔文-亥姆霍兹不稳定性 Kelvin-Helmholtz Instability
archive_search_done 12/40: hits=0 added=0 total=0
archive_search 13/40: Rayleigh-Taylor Instability demonstration
archive_search_done 13/40: hits=4 added=4 total=4
archive_search 14/40: Rayleigh-Taylor Instability slow motion
archive_search_done 14/40: hits=4 added=0 total=4
archive_search 15/40: Rayleigh-Taylor Instability video
archive_search_done 15/40: hits=4 added=0 total=4
archive_search 16/40: 瑞利-泰勒不稳定性 Rayleigh-Taylor Instability
archive_search_done 16/40: hits=4 added=0 total=4
archive_search 17/40: Hydraulic Jump demonstration
archive_search_done 17/40: hits=4 added=4 total=8
archive_search 18/40: Hydraulic Jump slow motion
archive_search_done 18/40: hits=4 added=0 total=8
archive_search 19/40: Hydraulic Jump video
archive_search_done 19/40: hits=4 added=0 total=8
archive_search 20/40: 水跃 Hydraulic Jump
archive_search_done 20/40: hits=4 added=0 total=8
archive_search 21/40: Rayleigh-Plateau Breakup demonstration
archive_search_done 21/40: hits=0 added=0 total=8
archive_search 22/40: Rayleigh-Plateau Breakup slow motion
archive_search_done 22/40: hits=0 added=0 total=8
archive_search 23/40: Rayleigh-Plateau Breakup video
archive_search_done 23/40: hits=0 added=0 total=8
archive_search 24/40: 瑞利-普拉托断裂 Rayleigh-Plateau Breakup
archive_search_done 24/40: hits=0 added=0 total=8
archive_search 25/40: Liquid Bridge Pinch-Off demonstration
archive_search_done 25/40: hits=0 added=0 total=8
archive_search 26/40: Liquid Bridge Pinch-Off slow motion
archive_search_done 26/40: hits=0 added=0 total=8
archive_search 27/40: Liquid Bridge Pinch-Off video
archive_search_done 27/40: hits=0 added=0 total=8
archive_search 28/40: 液桥颈缩断裂 Liquid Bridge Pinch-Off
archive_search_done 28/40: hits=0 added=0 total=8
archive_search 29/40: Leidenfrost Droplet Motion demonstration
archive_search_done 29/40: hits=0 added=0 total=8
archive_search 30/40: Leidenfrost Droplet Motion slow motion
archive_search_done 30/40: hits=0 added=0 total=8
archive_search 31/40: Leidenfrost Droplet Motion video
archive_search_done 31/40: hits=0 added=0 total=8
archive_search 32/40: 莱顿弗罗斯特液滴运动 Leidenfrost Droplet Motion
archive_search_done 32/40: hits=0 added=0 total=8
archive_search 33/40: Marangoni-Driven Flow demonstration
archive_search_done 33/40: hits=0 added=0 total=8
archive_search 34/40: Marangoni-Driven Flow slow motion
archive_search_done 34/40: hits=0 added=0 total=8
archive_search 35/40: Marangoni-Driven Flow video
archive_search_done 35/40: hits=0 added=0 total=8
archive_search 36/40: 马兰戈尼驱动流 Marangoni-Driven Flow
archive_search_done 36/40: hits=0 added=0 total=8
archive_search 37/40: Standing Wave Formation demonstration
