archive_search 1/80: Karman Vortex Street
archive_search_done 1/80: hits=0 added=0 total=0
archive_search 2/80: Karman Vortex Street video
archive_search_done 2/80: hits=0 added=0 total=0
archive_search 3/80: Vortex Shedding
archive_search_done 3/80: hits=0 added=0 total=0
archive_search 4/80: Vortex Shedding / Karman Vortex Street
archive_search_done 4/80: hits=0 added=0 total=0
archive_search 5/80: Vortex Shedding / Karman Vortex Street demonstration
archive_search_done 5/80: hits=0 added=0 total=0
archive_search 6/80: Vortex Shedding / Karman Vortex Street slow motion
archive_search_done 6/80: hits=0 added=0 total=0
archive_search 7/80: Vortex Shedding / Karman Vortex Street video
archive_search_done 7/80: hits=0 added=0 total=0
archive_search 8/80: Vortex Shedding video
archive_search_done 8/80: hits=0 added=0 total=0
archive_search 9/80: 周期涡脱落/卡门涡街 Vortex Shedding / Karman Vortex Street
archive_search_done 9/80: hits=0 added=0 total=0
archive_search 10/80: Cavitation Bubble Growth and Collapse
archive_search_done 10/80: hits=0 added=0 total=0
archive_search 11/80: Cavitation Bubble Growth and Collapse demonstration
archive_search_done 11/80: hits=0 added=0 total=0
archive_search 12/80: Cavitation Bubble Growth and Collapse slow motion
archive_search_done 12/80: hits=0 added=0 total=0
archive_search 13/80: Cavitation Bubble Growth and Collapse video
archive_search_done 13/80: hits=0 added=0 total=0
archive_search 14/80: 空化泡生长与塌缩 Cavitation Bubble Growth and Collapse
archive_search_done 14/80: hits=0 added=0 total=0
archive_search 15/80: Kelvin-Helmholtz Instability
archive_search_done 15/80: hits=0 added=0 total=0
archive_search 16/80: Kelvin-Helmholtz Instability demonstration
archive_search_done 16/80: hits=0 added=0 total=0
archive_search 17/80: Kelvin-Helmholtz Instability slow motion
archive_search_done 17/80: hits=0 added=0 total=0
archive_search 18/80: Kelvin-Helmholtz Instability video
archive_search_done 18/80: hits=0 added=0 total=0
archive_search 19/80: 开尔文-亥姆霍兹不稳定性 Kelvin-Helmholtz Instability
archive_search_done 19/80: hits=0 added=0 total=0
archive_search 20/80: Rayleigh-Taylor Instability
archive_search_done 20/80: hits=5 added=5 total=5
archive_search 21/80: Rayleigh-Taylor Instability demonstration
archive_search_done 21/80: hits=5 added=0 total=5
archive_search 22/80: Rayleigh-Taylor Instability slow motion
archive_search_done 22/80: hits=5 added=0 total=5
archive_search 23/80: Rayleigh-Taylor Instability video
archive_search_done 23/80: hits=5 added=0 total=5
archive_search 24/80: 瑞利-泰勒不稳定性 Rayleigh-Taylor Instability
archive_search_done 24/80: hits=5 added=0 total=5
archive_search 25/80: Hydraulic Jump
archive_search_done 25/80: hits=5 added=5 total=10
archive_search 26/80: Hydraulic Jump demonstration
archive_search_done 26/80: hits=5 added=0 total=10
archive_search 27/80: Hydraulic Jump slow motion
archive_search_done 27/80: hits=5 added=0 total=10
archive_search 28/80: Hydraulic Jump video
archive_search_done 28/80: hits=5 added=0 total=10
archive_search 29/80: 水跃 Hydraulic Jump
archive_search_done 29/80: hits=5 added=0 total=10
archive_search 30/80: Rayleigh-Plateau Breakup
archive_search_done 30/80: hits=0 added=0 total=10
archive_search 31/80: Rayleigh-Plateau Breakup demonstration
archive_search_done 31/80: hits=0 added=0 total=10
archive_search 32/80: Rayleigh-Plateau Breakup slow motion
archive_search_done 32/80: hits=0 added=0 total=10
archive_search 33/80: Rayleigh-Plateau Breakup video
archive_search_done 33/80: hits=0 added=0 total=10
archive_search 34/80: 瑞利-普拉托断裂 Rayleigh-Plateau Breakup
archive_search_done 34/80: hits=0 added=0 total=10
archive_search 35/80: Liquid Bridge Pinch-Off
archive_search_done 35/80: hits=0 added=0 total=10
archive_search 36/80: Liquid Bridge Pinch-Off demonstration
archive_search_done 36/80: hits=0 added=0 total=10
archive_search 37/80: Liquid Bridge Pinch-Off slow motion
archive_search_done 37/80: hits=0 added=0 total=10
archive_search 38/80: Liquid Bridge Pinch-Off video
archive_search_done 38/80: hits=0 added=0 total=10
archive_search 39/80: 液桥颈缩断裂 Liquid Bridge Pinch-Off
archive_search_done 39/80: hits=0 added=0 total=10
archive_search 40/80: Leidenfrost Droplet Motion
archive_search_done 40/80: hits=0 added=0 total=10
archive_search 41/80: Leidenfrost Droplet Motion demonstration
archive_search_done 41/80: hits=0 added=0 total=10
archive_search 42/80: Leidenfrost Droplet Motion slow motion
archive_search_done 42/80: hits=0 added=0 total=10
archive_search 43/80: Leidenfrost Droplet Motion video
archive_search_done 43/80: hits=0 added=0 total=10
archive_search 44/80: 莱顿弗罗斯特液滴运动 Leidenfrost Droplet Motion
archive_search_done 44/80: hits=0 added=0 total=10
archive_search 45/80: Marangoni-Driven Flow
archive_search_done 45/80: hits=0 added=0 total=10
archive_search 46/80: Marangoni-Driven Flow demonstration
archive_search_done 46/80: hits=0 added=0 total=10
archive_search 47/80: Marangoni-Driven Flow slow motion
archive_search_done 47/80: hits=0 added=0 total=10
archive_search 48/80: Marangoni-Driven Flow video
archive_search_done 48/80: hits=0 added=0 total=10
archive_search 49/80: 马兰戈尼驱动流 Marangoni-Driven Flow
archive_search_done 49/80: hits=0 added=0 total=10
archive_search 50/80: Standing Wave Formation
archive_search_done 50/80: hits=5 added=5 total=15
archive_search 51/80: Standing Wave Formation demonstration
archive_search_done 51/80: hits=5 added=0 total=15
archive_search 52/80: Standing Wave Formation slow motion
archive_search_done 52/80: hits=5 added=0 total=15
archive_search 53/80: Standing Wave Formation video
archive_search_done 53/80: hits=5 added=0 total=15
archive_search 54/80: 驻波形成 Standing Wave Formation
archive_search_done 54/80: hits=5 added=0 total=15
archive_search 55/80: Faraday Waves
archive_search_done 55/80: hits=5 added=5 total=20
archive_search 56/80: Faraday Waves demonstration
archive_search_done 56/80: hits=5 added=0 total=20
archive_search 57/80: Faraday Waves slow motion
archive_search_done 57/80: hits=5 added=0 total=20
archive_search 58/80: Faraday Waves video
archive_search_done 58/80: hits=5 added=0 total=20
archive_search 59/80: 法拉第波 Faraday Waves
archive_search_done 59/80: hits=5 added=0 total=20
archive_search 60/80: Gyroscopic Precession
archive_search_done 60/80: hits=3 added=3 total=23
archive_search 61/80: Gyroscopic Precession demonstration
archive_search_done 61/80: hits=3 added=0 total=23
archive_search 62/80: Gyroscopic Precession slow motion
archive_search_done 62/80: hits=3 added=0 total=23
archive_search 63/80: Gyroscopic Precession video
archive_search_done 63/80: hits=3 added=0 total=23
archive_search 64/80: 陀螺进动 Gyroscopic Precession
archive_search_done 64/80: hits=3 added=0 total=23
archive_search 65/80: Dzhanibekov Effect
archive_search_done 65/80: hits=4 added=4 total=27
archive_search 66/80: Dzhanibekov Effect / Tennis Racket Theorem
archive_search_done 66/80: hits=3 added=0 total=27
archive_search 67/80: Dzhanibekov Effect / Tennis Racket Theorem demonstration
archive_search_done 67/80: hits=3 added=0 total=27
archive_search 68/80: Dzhanibekov Effect / Tennis Racket Theorem slow motion
archive_search_done 68/80: hits=3 added=0 total=27
archive_search 69/80: Dzhanibekov Effect / Tennis Racket Theorem video
archive_search_done 69/80: hits=3 added=0 total=27
archive_search 70/80: Dzhanibekov Effect video
archive_search_done 70/80: hits=4 added=0 total=27
archive_search 71/80: Tennis Racket Theorem
archive_search_done 71/80: hits=3 added=0 total=27
archive_search 72/80: Tennis Racket Theorem video
archive_search_done 72/80: hits=3 added=0 total=27
archive_search 73/80: 贾尼别科夫效应/网球拍定理 Dzhanibekov Effect / Tennis Racket Theorem
archive_search_done 73/80: hits=3 added=0 total=27
archive_search 74/80: Brazil Nut Effect
archive_search_done 74/80: hits=0 added=0 total=27
archive_search 75/80: Brazil Nut Effect demonstration
archive_search_done 75/80: hits=0 added=0 total=27
archive_search 76/80: Brazil Nut Effect slow motion
archive_search_done 76/80: hits=0 added=0 total=27
archive_search 77/80: Brazil Nut Effect video
archive_search_done 77/80: hits=0 added=0 total=27
archive_search 78/80: 巴西坚果效应 Brazil Nut Effect
archive_search_done 78/80: hits=0 added=0 total=27
archive_search 79/80: Crown Splash
archive_search_done 79/80: hits=5 added=5 total=32
archive_search 80/80: Crown Splash demonstration
archive_search_done 80/80: hits=5 added=0 total=32
wrote 32 archive rows to data/vdcr_candidate_videos_archive_only_v1.csv
