archive_search 1/160: Spain Action slow motion
archive_search_done 1/160: hits=5 added=0 total=0
archive_search 2/160: Spain Action technique video
archive_search_done 2/160: hits=5 added=4 total=4
archive_search 3/160: Spain Action video
archive_search_done 3/160: hits=5 added=0 total=4
archive_search 4/160: 西班牙战术 Spain Action
archive_search_done 4/160: hits=5 added=0 total=4
archive_search 5/160: Elevator Screen
archive_search_done 5/160: hits=5 added=5 total=9
archive_search 6/160: Elevator Screen demonstration
archive_search_done 6/160: hits=5 added=0 total=9
archive_search 7/160: Elevator Screen slow motion
archive_search_done 7/160: hits=5 added=0 total=9
archive_search 8/160: Elevator Screen technique video
archive_search_done 8/160: hits=4 added=3 total=12
archive_search 9/160: Elevator Screen video
archive_search_done 9/160: hits=5 added=0 total=12
archive_search 10/160: 电梯门掩护 Elevator Screen
archive_search_done 10/160: hits=5 added=0 total=12
archive_search 11/160: Hammer Action
archive_search_done 11/160: hits=5 added=4 total=16
archive_search 12/160: Hammer Action demonstration
archive_search_done 12/160: hits=5 added=0 total=16
archive_search 13/160: Hammer Action slow motion
archive_search_done 13/160: hits=5 added=0 total=16
archive_search 14/160: Hammer Action technique video
archive_search_done 14/160: hits=5 added=3 total=19
archive_search 15/160: Hammer Action video
archive_search_done 15/160: hits=5 added=0 total=19
archive_search 16/160: 锤子战术 Hammer Action
archive_search_done 16/160: hits=5 added=0 total=19
archive_search 17/160: Phototropism
archive_search_done 17/160: hits=5 added=5 total=24
archive_search 18/160: Phototropism demonstration
archive_search_done 18/160: hits=5 added=0 total=24
archive_search 19/160: Phototropism slow motion
archive_search_done 19/160: hits=5 added=0 total=24
archive_search 20/160: Phototropism video
archive_search_done 20/160: hits=5 added=0 total=24
archive_search 21/160: 向光性 Phototropism
archive_search_done 21/160: hits=5 added=0 total=24
archive_search 22/160: Gravitropism
archive_search_done 22/160: hits=0 added=0 total=24
archive_search 23/160: Gravitropism demonstration
archive_search_done 23/160: hits=0 added=0 total=24
archive_search 24/160: Gravitropism slow motion
archive_search_done 24/160: hits=0 added=0 total=24
archive_search 25/160: Gravitropism video
archive_search_done 25/160: hits=0 added=0 total=24
archive_search 26/160: 向重性 Gravitropism
archive_search_done 26/160: hits=0 added=0 total=24
archive_search 27/160: Thigmonasty
archive_search_done 27/160: hits=3 added=3 total=27
archive_search 28/160: Thigmonasty demonstration
archive_search_done 28/160: hits=3 added=0 total=27
archive_search 29/160: Thigmonasty slow motion
archive_search_done 29/160: hits=3 added=0 total=27
archive_search 30/160: Thigmonasty video
archive_search_done 30/160: hits=3 added=0 total=27
archive_search 31/160: 感触性运动 Thigmonasty
archive_search_done 31/160: hits=3 added=0 total=27
archive_search 32/160: Nyctinasty
archive_search_done 32/160: hits=0 added=0 total=27
archive_search 33/160: Nyctinasty demonstration
archive_search_done 33/160: hits=0 added=0 total=27
archive_search 34/160: Nyctinasty slow motion
archive_search_done 34/160: hits=0 added=0 total=27
archive_search 35/160: Nyctinasty video
archive_search_done 35/160: hits=0 added=0 total=27
archive_search 36/160: 昼夜感性运动 Nyctinasty
archive_search_done 36/160: hits=0 added=0 total=27
archive_search 37/160: Bistable Snap-Trap Closure
archive_search_done 37/160: hits=0 added=0 total=27
archive_search 38/160: Bistable Snap-Trap Closure demonstration
archive_search_done 38/160: hits=0 added=0 total=27
archive_search 39/160: Bistable Snap-Trap Closure slow motion
archive_search_done 39/160: hits=0 added=0 total=27
archive_search 40/160: Bistable Snap-Trap Closure video
archive_search_done 40/160: hits=0 added=0 total=27
archive_search 41/160: 双稳态捕虫夹闭合 Bistable Snap-Trap Closure
archive_search_done 41/160: hits=0 added=0 total=27
archive_search 42/160: Cytoplasmic Streaming
archive_search_done 42/160: hits=1 added=1 total=28
archive_search 43/160: Cytoplasmic Streaming demonstration
archive_search_done 43/160: hits=1 added=0 total=28
archive_search 44/160: Cytoplasmic Streaming slow motion
archive_search_done 44/160: hits=1 added=0 total=28
archive_search 45/160: Cytoplasmic Streaming video
archive_search_done 45/160: hits=1 added=0 total=28
archive_search 46/160: 细胞质流动 Cytoplasmic Streaming
archive_search_done 46/160: hits=1 added=0 total=28
archive_search 47/160: Mitotic Chromosome Segregation
archive_search_done 47/160: hits=0 added=0 total=28
archive_search 48/160: Mitotic Chromosome Segregation demonstration
archive_search_done 48/160: hits=0 added=0 total=28
archive_search 49/160: Mitotic Chromosome Segregation slow motion
archive_search_done 49/160: hits=0 added=0 total=28
archive_search 50/160: Mitotic Chromosome Segregation video
archive_search_done 50/160: hits=0 added=0 total=28
archive_search 51/160: 有丝分裂染色体分离 Mitotic Chromosome Segregation
archive_search_done 51/160: hits=0 added=0 total=28
archive_search 52/160: Ciliary Beating
archive_search_done 52/160: hits=0 added=0 total=28
archive_search 53/160: Ciliary Beating demonstration
archive_search_done 53/160: hits=0 added=0 total=28
archive_search 54/160: Ciliary Beating slow motion
archive_search_done 54/160: hits=0 added=0 total=28
archive_search 55/160: Ciliary Beating video
archive_search_done 55/160: hits=0 added=0 total=28
archive_search 56/160: 纤毛节律摆动 Ciliary Beating
archive_search_done 56/160: hits=0 added=0 total=28
archive_search 57/160: Calcium Wave Propagation
archive_search_done 57/160: hits=0 added=0 total=28
archive_search 58/160: Calcium Wave Propagation demonstration
archive_search_done 58/160: hits=0 added=0 total=28
archive_search 59/160: Calcium Wave Propagation slow motion
archive_search_done 59/160: hits=0 added=0 total=28
archive_search 60/160: Calcium Wave Propagation video
archive_search_done 60/160: hits=0 added=0 total=28
archive_search 61/160: 钙波传播 Calcium Wave Propagation
archive_search_done 61/160: hits=0 added=0 total=28
archive_search 62/160: FRAP Recovery
archive_search_done 62/160: hits=0 added=0 total=28
archive_search 63/160: FRAP Recovery demonstration
archive_search_done 63/160: hits=0 added=0 total=28
archive_search 64/160: FRAP Recovery experiment video
archive_search_done 64/160: hits=0 added=0 total=28
archive_search 65/160: FRAP Recovery slow motion
archive_search_done 65/160: hits=0 added=0 total=28
archive_search 66/160: FRAP Recovery video
archive_search_done 66/160: hits=0 added=0 total=28
archive_search 67/160: 光漂白后荧光恢复 FRAP Recovery
archive_search_done 67/160: hits=0 added=0 total=28
archive_search 68/160: Endocytosis
archive_search_done 68/160: hits=4 added=4 total=32
archive_search 69/160: Endocytosis demonstration
archive_search_done 69/160: hits=4 added=0 total=32
archive_search 70/160: Endocytosis slow motion
archive_search_done 70/160: hits=4 added=0 total=32
archive_search 71/160: Endocytosis video
archive_search_done 71/160: hits=4 added=0 total=32
archive_search 72/160: 胞吞作用 Endocytosis
archive_search_done 72/160: hits=4 added=0 total=32
archive_search 73/160: Exocytosis
archive_search_done 73/160: hits=5 added=4 total=36
archive_search 74/160: Exocytosis demonstration
archive_search_done 74/160: hits=5 added=0 total=36
archive_search 75/160: Exocytosis slow motion
archive_search_done 75/160: hits=5 added=0 total=36
archive_search 76/160: Exocytosis video
archive_search_done 76/160: hits=5 added=0 total=36
archive_search 77/160: 胞吐作用 Exocytosis
archive_search_done 77/160: hits=5 added=0 total=36
archive_search 78/160: Microtubule Dynamic Instability
archive_search_done 78/160: hits=0 added=0 total=36
archive_search 79/160: Microtubule Dynamic Instability demonstration
archive_search_done 79/160: hits=0 added=0 total=36
archive_search 80/160: Microtubule Dynamic Instability slow motion
archive_search_done 80/160: hits=0 added=0 total=36
archive_search 81/160: Microtubule Dynamic Instability video
archive_search_done 81/160: hits=0 added=0 total=36
archive_search 82/160: 微管动态不稳定性 Microtubule Dynamic Instability
archive_search_done 82/160: hits=0 added=0 total=36
archive_search 83/160: Gastrulation
archive_search_done 83/160: hits=4 added=3 total=39
archive_search 84/160: Gastrulation demonstration
archive_search_done 84/160: hits=4 added=0 total=39
archive_search 85/160: Gastrulation slow motion
archive_search_done 85/160: hits=4 added=0 total=39
archive_search 86/160: Gastrulation video
archive_search_done 86/160: hits=4 added=0 total=39
archive_search 87/160: 原肠胚形成 Gastrulation
archive_search_done 87/160: hits=4 added=0 total=39
archive_search 88/160: Stomatal Opening and Closing
archive_search_done 88/160: hits=0 added=0 total=39
archive_search 89/160: Stomatal Opening and Closing demonstration
archive_search_done 89/160: hits=0 added=0 total=39
archive_search 90/160: Stomatal Opening and Closing slow motion
archive_search_done 90/160: hits=0 added=0 total=39
archive_search 91/160: Stomatal Opening and Closing video
archive_search_done 91/160: hits=0 added=0 total=39
archive_search 92/160: 气孔开闭 Stomatal Opening and Closing
archive_search_done 92/160: hits=0 added=0 total=39
archive_search 93/160: Bacterial Chemotaxis
archive_search_done 93/160: hits=5 added=5 total=44
archive_search 94/160: Bacterial Chemotaxis demonstration
archive_search_done 94/160: hits=5 added=0 total=44
archive_search 95/160: Bacterial Chemotaxis slow motion
archive_search_done 95/160: hits=5 added=0 total=44
archive_search 96/160: Bacterial Chemotaxis video
archive_search_done 96/160: hits=5 added=0 total=44
archive_search 97/160: 细菌趋化游动 Bacterial Chemotaxis
archive_search_done 97/160: hits=5 added=0 total=44
archive_search 98/160: Downburst
archive_search_done 98/160: hits=5 added=5 total=49
archive_search 99/160: Downburst / Microburst Outflow
archive_search_done 99/160: hits=0 added=0 total=49
archive_search 100/160: Downburst / Microburst Outflow demonstration
archive_search_done 100/160: hits=0 added=0 total=49
archive_search 101/160: Downburst / Microburst Outflow slow motion
archive_search_done 101/160: hits=0 added=0 total=49
archive_search 102/160: Downburst / Microburst Outflow video
archive_search_done 102/160: hits=0 added=0 total=49
archive_search 103/160: Downburst video
archive_search_done 103/160: hits=5 added=0 total=49
archive_search 104/160: Microburst Outflow
archive_search_done 104/160: hits=0 added=0 total=49
archive_search 105/160: Microburst Outflow video
archive_search_done 105/160: hits=0 added=0 total=49
archive_search 106/160: 下击暴流出流扩散 Downburst / Microburst Outflow
archive_search_done 106/160: hits=0 added=0 total=49
archive_search 107/160: Supercell Mesocyclone Rotation
archive_search_done 107/160: hits=0 added=0 total=49
archive_search 108/160: Supercell Mesocyclone Rotation demonstration
archive_search_done 108/160: hits=0 added=0 total=49
archive_search 109/160: Supercell Mesocyclone Rotation slow motion
archive_search_done 109/160: hits=0 added=0 total=49
archive_search 110/160: Supercell Mesocyclone Rotation video
archive_search_done 110/160: hits=0 added=0 total=49
archive_search 111/160: 超级单体中气旋旋转 Supercell Mesocyclone Rotation
archive_search_done 111/160: hits=0 added=0 total=49
archive_search 112/160: Tornadogenesis
archive_search_done 112/160: hits=0 added=0 total=49
archive_search 113/160: Tornadogenesis demonstration
archive_search_done 113/160: hits=0 added=0 total=49
archive_search 114/160: Tornadogenesis slow motion
archive_search_done 114/160: hits=0 added=0 total=49
archive_search 115/160: Tornadogenesis video
archive_search_done 115/160: hits=0 added=0 total=49
archive_search 116/160: 龙卷生成 Tornadogenesis
archive_search_done 116/160: hits=0 added=0 total=49
archive_search 117/160: Meander Neck Cutoff
archive_search_done 117/160: hits=0 added=0 total=49
archive_search 118/160: Meander Neck Cutoff demonstration
archive_search_done 118/160: hits=0 added=0 total=49
archive_search 119/160: Meander Neck Cutoff slow motion
archive_search_done 119/160: hits=0 added=0 total=49
archive_search 120/160: Meander Neck Cutoff video
archive_search_done 120/160: hits=0 added=0 total=49
archive_search 121/160: 曲流河裁弯取直 Meander Neck Cutoff
archive_search_done 121/160: hits=0 added=0 total=49
archive_search 122/160: Sediment Saltation
archive_search_done 122/160: hits=0 added=0 total=49
archive_search 123/160: Sediment Saltation demonstration
archive_search_done 123/160: hits=0 added=0 total=49
archive_search 124/160: Sediment Saltation slow motion
archive_search_done 124/160: hits=0 added=0 total=49
archive_search 125/160: Sediment Saltation video
archive_search_done 125/160: hits=0 added=0 total=49
archive_search 126/160: 泥沙跃移 Sediment Saltation
archive_search_done 126/160: hits=0 added=0 total=49
archive_search 127/160: Pyroclastic Density Current
archive_search_done 127/160: hits=4 added=4 total=53
archive_search 128/160: Pyroclastic Density Current demonstration
archive_search_done 128/160: hits=4 added=0 total=53
archive_search 129/160: Pyroclastic Density Current slow motion
archive_search_done 129/160: hits=4 added=0 total=53
archive_search 130/160: Pyroclastic Density Current video
archive_search_done 130/160: hits=4 added=0 total=53
archive_search 131/160: 火山碎屑密度流 Pyroclastic Density Current
archive_search_done 131/160: hits=4 added=0 total=53
archive_search 132/160: Pahoehoe Lava Roping
archive_search_done 132/160: hits=0 added=0 total=53
archive_search 133/160: Pahoehoe Lava Roping demonstration
archive_search_done 133/160: hits=0 added=0 total=53
archive_search 134/160: Pahoehoe Lava Roping slow motion
archive_search_done 134/160: hits=0 added=0 total=53
archive_search 135/160: Pahoehoe Lava Roping video
archive_search_done 135/160: hits=0 added=0 total=53
archive_search 136/160: 绳状熔岩形成 Pahoehoe Lava Roping
archive_search_done 136/160: hits=0 added=0 total=53
archive_search 137/160: Slab Avalanche Release
archive_search_done 137/160: hits=1 added=1 total=54
archive_search 138/160: Slab Avalanche Release demonstration
archive_search_done 138/160: hits=1 added=0 total=54
archive_search 139/160: Slab Avalanche Release slow motion
archive_search_done 139/160: hits=1 added=0 total=54
archive_search 140/160: Slab Avalanche Release video
archive_search_done 140/160: hits=1 added=0 total=54
archive_search 141/160: 板状雪崩释放 Slab Avalanche Release
archive_search_done 141/160: hits=1 added=0 total=54
archive_search 142/160: Fire Whirl
archive_search_done 142/160: hits=5 added=3 total=57
archive_search 143/160: Fire Whirl demonstration
archive_search_done 143/160: hits=5 added=0 total=57
archive_search 144/160: Fire Whirl slow motion
archive_search_done 144/160: hits=5 added=0 total=57
archive_search 145/160: Fire Whirl video
archive_search_done 145/160: hits=5 added=0 total=57
archive_search 146/160: 火旋风 Fire Whirl
archive_search_done 146/160: hits=5 added=0 total=57
archive_search 147/160: Barchan Dune Migration
archive_search_done 147/160: hits=0 added=0 total=57
archive_search 148/160: Barchan Dune Migration demonstration
archive_search_done 148/160: hits=0 added=0 total=57
archive_search 149/160: Barchan Dune Migration slow motion
archive_search_done 149/160: hits=0 added=0 total=57
archive_search 150/160: Barchan Dune Migration video
archive_search_done 150/160: hits=0 added=0 total=57
archive_search 151/160: 新月形沙丘迁移 Barchan Dune Migration
archive_search_done 151/160: hits=0 added=0 total=57
archive_search 152/160: Tidal Bore
archive_search_done 152/160: hits=5 added=4 total=61
archive_search 153/160: Tidal Bore demonstration
archive_search_done 153/160: hits=5 added=0 total=61
archive_search 154/160: Tidal Bore slow motion
archive_search_done 154/160: hits=5 added=0 total=61
archive_search 155/160: Tidal Bore video
archive_search_done 155/160: hits=5 added=0 total=61
archive_search 156/160: 潮汐涌浪 Tidal Bore
archive_search_done 156/160: hits=5 added=0 total=61
archive_search 157/160: Gully Headcut Retreat
archive_search_done 157/160: hits=0 added=0 total=61
archive_search 158/160: Gully Headcut Retreat demonstration
archive_search_done 158/160: hits=0 added=0 total=61
archive_search 159/160: Gully Headcut Retreat slow motion
archive_search_done 159/160: hits=0 added=0 total=61
archive_search 160/160: Gully Headcut Retreat video
archive_search_done 160/160: hits=0 added=0 total=61
wrote 61 archive rows to data/vdcr_candidate_videos_archive_batch03_v1.csv
