archive_search 1/160: Wicking video
archive_search_done 1/160: hits=5 added=5 total=5
archive_search 2/160: Droplet Coalescence
archive_search_done 2/160: hits=0 added=0 total=5
archive_search 3/160: Droplet Coalescence demonstration
archive_search_done 3/160: hits=0 added=0 total=5
archive_search 4/160: Droplet Coalescence slow motion
archive_search_done 4/160: hits=0 added=0 total=5
archive_search 5/160: Droplet Coalescence video
archive_search_done 5/160: hits=0 added=0 total=5
archive_search 6/160: Capillary Breakup
archive_search_done 6/160: hits=0 added=0 total=5
archive_search 7/160: Capillary Breakup demonstration
archive_search_done 7/160: hits=0 added=0 total=5
archive_search 8/160: Capillary Breakup slow motion
archive_search_done 8/160: hits=0 added=0 total=5
archive_search 9/160: Capillary Breakup video
archive_search_done 9/160: hits=0 added=0 total=5
archive_search 10/160: Contact-Line Pinning and Depinning
archive_search_done 10/160: hits=0 added=0 total=5
archive_search 11/160: Contact-Line Pinning and Depinning demonstration
archive_search_done 11/160: hits=0 added=0 total=5
archive_search 12/160: Contact-Line Pinning and Depinning slow motion
archive_search_done 12/160: hits=0 added=0 total=5
archive_search 13/160: Contact-Line Pinning and Depinning video
archive_search_done 13/160: hits=0 added=0 total=5
archive_search 14/160: Coherent Wave Interference
archive_search_done 14/160: hits=1 added=1 total=6
archive_search 15/160: Coherent Wave Interference demonstration
archive_search_done 15/160: hits=1 added=0 total=6
archive_search 16/160: Coherent Wave Interference slow motion
archive_search_done 16/160: hits=1 added=0 total=6
archive_search 17/160: Coherent Wave Interference video
archive_search_done 17/160: hits=1 added=0 total=6
archive_search 18/160: Parametric Resonance
archive_search_done 18/160: hits=1 added=1 total=7
archive_search 19/160: Parametric Resonance demonstration
archive_search_done 19/160: hits=1 added=0 total=7
archive_search 20/160: Parametric Resonance slow motion
archive_search_done 20/160: hits=1 added=0 total=7
archive_search 21/160: Parametric Resonance video
archive_search_done 21/160: hits=1 added=0 total=7
archive_search 22/160: Coupled Pendulum Synchronization
archive_search_done 22/160: hits=0 added=0 total=7
archive_search 23/160: Coupled Pendulum Synchronization demonstration
archive_search_done 23/160: hits=0 added=0 total=7
archive_search 24/160: Coupled Pendulum Synchronization slow motion
archive_search_done 24/160: hits=0 added=0 total=7
archive_search 25/160: Coupled Pendulum Synchronization video
archive_search_done 25/160: hits=0 added=0 total=7
archive_search 26/160: Damped Oscillation
archive_search_done 26/160: hits=3 added=3 total=10
archive_search 27/160: Damped Oscillation demonstration
archive_search_done 27/160: hits=3 added=0 total=10
archive_search 28/160: Damped Oscillation slow motion
archive_search_done 28/160: hits=3 added=0 total=10
archive_search 29/160: Damped Oscillation video
archive_search_done 29/160: hits=3 added=0 total=10
archive_search 30/160: Double Pendulum Chaos
archive_search_done 30/160: hits=5 added=5 total=15
archive_search 31/160: Double Pendulum Chaos demonstration
archive_search_done 31/160: hits=5 added=0 total=15
archive_search 32/160: Double Pendulum Chaos slow motion
archive_search_done 32/160: hits=5 added=0 total=15
archive_search 33/160: Double Pendulum Chaos video
archive_search_done 33/160: hits=5 added=0 total=15
archive_search 34/160: Euler's Disk Motion
archive_search_done 34/160: hits=1 added=1 total=16
archive_search 35/160: Euler's Disk Motion demonstration
archive_search_done 35/160: hits=1 added=0 total=16
archive_search 36/160: Euler's Disk Motion slow motion
archive_search_done 36/160: hits=1 added=0 total=16
archive_search 37/160: Euler's Disk Motion video
archive_search_done 37/160: hits=1 added=0 total=16
archive_search 38/160: Elastic Pendulum Motion
archive_search_done 38/160: hits=1 added=1 total=17
archive_search 39/160: Elastic Pendulum Motion demonstration
archive_search_done 39/160: hits=1 added=0 total=17
archive_search 40/160: Elastic Pendulum Motion slow motion
archive_search_done 40/160: hits=1 added=0 total=17
archive_search 41/160: Elastic Pendulum Motion video
archive_search_done 41/160: hits=1 added=0 total=17
archive_search 42/160: Granular Convection
archive_search_done 42/160: hits=1 added=1 total=18
archive_search 43/160: Granular Convection demonstration
archive_search_done 43/160: hits=1 added=0 total=18
archive_search 44/160: Granular Convection slow motion
archive_search_done 44/160: hits=1 added=0 total=18
archive_search 45/160: Granular Convection video
archive_search_done 45/160: hits=1 added=0 total=18
archive_search 46/160: Granular Surface Avalanche
archive_search_done 46/160: hits=0 added=0 total=18
archive_search 47/160: Granular Surface Avalanche demonstration
archive_search_done 47/160: hits=0 added=0 total=18
archive_search 48/160: Granular Surface Avalanche slow motion
archive_search_done 48/160: hits=0 added=0 total=18
archive_search 49/160: Granular Surface Avalanche video
archive_search_done 49/160: hits=0 added=0 total=18
archive_search 50/160: Stick-Slip Motion
archive_search_done 50/160: hits=5 added=4 total=22
archive_search 51/160: Stick-Slip Motion demonstration
archive_search_done 51/160: hits=5 added=0 total=22
archive_search 52/160: Stick-Slip Motion slow motion
archive_search_done 52/160: hits=5 added=0 total=22
archive_search 53/160: Stick-Slip Motion video
archive_search_done 53/160: hits=5 added=0 total=22
archive_search 54/160: Droplet Rebound
archive_search_done 54/160: hits=0 added=0 total=22
archive_search 55/160: Droplet Rebound demonstration
archive_search_done 55/160: hits=0 added=0 total=22
archive_search 56/160: Droplet Rebound slow motion
archive_search_done 56/160: hits=0 added=0 total=22
archive_search 57/160: Droplet Rebound video
archive_search_done 57/160: hits=0 added=0 total=22
archive_search 58/160: Droplet Spreading and Retraction
archive_search_done 58/160: hits=0 added=0 total=22
archive_search 59/160: Droplet Spreading and Retraction demonstration
archive_search_done 59/160: hits=0 added=0 total=22
archive_search 60/160: Droplet Spreading and Retraction slow motion
archive_search_done 60/160: hits=0 added=0 total=22
archive_search 61/160: Droplet Spreading and Retraction video
archive_search_done 61/160: hits=0 added=0 total=22
archive_search 62/160: Droplet Impact Spreading
archive_search_done 62/160: hits=1 added=1 total=23
archive_search 63/160: Droplet Impact Spreading demonstration
archive_search_done 63/160: hits=1 added=0 total=23
archive_search 64/160: Droplet Impact Spreading slow motion
archive_search_done 64/160: hits=1 added=0 total=23
archive_search 65/160: Droplet Impact Spreading video
archive_search_done 65/160: hits=1 added=0 total=23
archive_search 66/160: Ligament-Mediated Atomization
archive_search_done 66/160: hits=0 added=0 total=23
archive_search 67/160: Ligament-Mediated Atomization demonstration
archive_search_done 67/160: hits=0 added=0 total=23
archive_search 68/160: Ligament-Mediated Atomization slow motion
archive_search_done 68/160: hits=0 added=0 total=23
archive_search 69/160: Ligament-Mediated Atomization video
archive_search_done 69/160: hits=0 added=0 total=23
archive_search 70/160: Bubble-Bursting Jet
archive_search_done 70/160: hits=5 added=5 total=28
archive_search 71/160: Bubble-Bursting Jet demonstration
archive_search_done 71/160: hits=5 added=0 total=28
archive_search 72/160: Bubble-Bursting Jet slow motion
archive_search_done 72/160: hits=5 added=0 total=28
archive_search 73/160: Bubble-Bursting Jet video
archive_search_done 73/160: hits=5 added=0 total=28
archive_search 74/160: Shock Wave Propagation
archive_search_done 74/160: hits=0 added=0 total=28
archive_search 75/160: Shock Wave Propagation demonstration
archive_search_done 75/160: hits=0 added=0 total=28
archive_search 76/160: Shock Wave Propagation slow motion
archive_search_done 76/160: hits=0 added=0 total=28
archive_search 77/160: Shock Wave Propagation video
archive_search_done 77/160: hits=0 added=0 total=28
archive_search 78/160: Mach Cone Formation
archive_search_done 78/160: hits=0 added=0 total=28
archive_search 79/160: Mach Cone Formation demonstration
archive_search_done 79/160: hits=0 added=0 total=28
archive_search 80/160: Mach Cone Formation slow motion
archive_search_done 80/160: hits=0 added=0 total=28
archive_search 81/160: Mach Cone Formation video
archive_search_done 81/160: hits=0 added=0 total=28
archive_search 82/160: Bow Shock
archive_search_done 82/160: hits=5 added=5 total=33
archive_search 83/160: Bow Shock demonstration
archive_search_done 83/160: hits=5 added=0 total=33
archive_search 84/160: Bow Shock slow motion
archive_search_done 84/160: hits=5 added=0 total=33
archive_search 85/160: Bow Shock video
archive_search_done 85/160: hits=5 added=0 total=33
archive_search 86/160: Detonation Front Propagation
archive_search_done 86/160: hits=0 added=0 total=33
archive_search 87/160: Detonation Front Propagation demonstration
archive_search_done 87/160: hits=0 added=0 total=33
archive_search 88/160: Detonation Front Propagation slow motion
archive_search_done 88/160: hits=0 added=0 total=33
archive_search 89/160: Detonation Front Propagation video
archive_search_done 89/160: hits=0 added=0 total=33
archive_search 90/160: Shock-Driven Rayleigh-Taylor Mixing
archive_search_done 90/160: hits=0 added=0 total=33
archive_search 91/160: Shock-Driven Rayleigh-Taylor Mixing demonstration
archive_search_done 91/160: hits=0 added=0 total=33
archive_search 92/160: Shock-Driven Rayleigh-Taylor Mixing slow motion
archive_search_done 92/160: hits=0 added=0 total=33
archive_search 93/160: Shock-Driven Rayleigh-Taylor Mixing video
archive_search_done 93/160: hits=0 added=0 total=33
archive_search 94/160: Glow Discharge Propagation
archive_search_done 94/160: hits=0 added=0 total=33
archive_search 95/160: Glow Discharge Propagation demonstration
archive_search_done 95/160: hits=0 added=0 total=33
archive_search 96/160: Glow Discharge Propagation slow motion
archive_search_done 96/160: hits=0 added=0 total=33
archive_search 97/160: Glow Discharge Propagation video
archive_search_done 97/160: hits=0 added=0 total=33
archive_search 98/160: Electric Arc Formation and Bending
archive_search_done 98/160: hits=0 added=0 total=33
archive_search 99/160: Electric Arc Formation and Bending demonstration
archive_search_done 99/160: hits=0 added=0 total=33
archive_search 100/160: Electric Arc Formation and Bending slow motion
archive_search_done 100/160: hits=0 added=0 total=33
archive_search 101/160: Electric Arc Formation and Bending video
archive_search_done 101/160: hits=0 added=0 total=33
archive_search 102/160: Dielectric Barrier Discharge Streamers
archive_search_done 102/160: hits=0 added=0 total=33
archive_search 103/160: Dielectric Barrier Discharge Streamers demonstration
archive_search_done 103/160: hits=0 added=0 total=33
archive_search 104/160: Dielectric Barrier Discharge Streamers slow motion
archive_search_done 104/160: hits=0 added=0 total=33
archive_search 105/160: Dielectric Barrier Discharge Streamers video
archive_search_done 105/160: hits=0 added=0 total=33
archive_search 106/160: Natural Convection Plume
archive_search_done 106/160: hits=0 added=0 total=33
archive_search 107/160: Natural Convection Plume demonstration
archive_search_done 107/160: hits=0 added=0 total=33
archive_search 108/160: Natural Convection Plume slow motion
archive_search_done 108/160: hits=0 added=0 total=33
archive_search 109/160: Natural Convection Plume video
archive_search_done 109/160: hits=0 added=0 total=33
archive_search 110/160: Boiling Bubble Nucleation and Departure
archive_search_done 110/160: hits=0 added=0 total=33
archive_search 111/160: Boiling Bubble Nucleation and Departure demonstration
archive_search_done 111/160: hits=0 added=0 total=33
archive_search 112/160: Boiling Bubble Nucleation and Departure slow motion
archive_search_done 112/160: hits=0 added=0 total=33
archive_search 113/160: Boiling Bubble Nucleation and Departure video
archive_search_done 113/160: hits=0 added=0 total=33
archive_search 114/160: Film Boiling
archive_search_done 114/160: hits=5 added=5 total=38
archive_search 115/160: Film Boiling demonstration
archive_search_done 115/160: hits=5 added=0 total=38
archive_search 116/160: Film Boiling slow motion
archive_search_done 116/160: hits=5 added=0 total=38
archive_search 117/160: Film Boiling video
archive_search_done 117/160: hits=5 added=0 total=38
archive_search 118/160: Thermocapillary Convection
archive_search_done 118/160: hits=0 added=0 total=38
archive_search 119/160: Thermocapillary Convection demonstration
archive_search_done 119/160: hits=0 added=0 total=38
archive_search 120/160: Thermocapillary Convection slow motion
archive_search_done 120/160: hits=0 added=0 total=38
archive_search 121/160: Thermocapillary Convection video
archive_search_done 121/160: hits=0 added=0 total=38
archive_search 122/160: Shear Thinning
archive_search_done 122/160: hits=0 added=0 total=38
archive_search 123/160: Shear Thinning demonstration
archive_search_done 123/160: hits=0 added=0 total=38
archive_search 124/160: Shear Thinning slow motion
archive_search_done 124/160: hits=0 added=0 total=38
archive_search 125/160: Shear Thinning video
archive_search_done 125/160: hits=0 added=0 total=38
archive_search 126/160: Thixotropy
archive_search_done 126/160: hits=0 added=0 total=38
archive_search 127/160: Thixotropy demonstration
archive_search_done 127/160: hits=0 added=0 total=38
archive_search 128/160: Thixotropy slow motion
archive_search_done 128/160: hits=0 added=0 total=38
archive_search 129/160: Thixotropy video
archive_search_done 129/160: hits=0 added=0 total=38
archive_search 130/160: Viscoelastic Recoil
archive_search_done 130/160: hits=0 added=0 total=38
archive_search 131/160: Viscoelastic Recoil demonstration
archive_search_done 131/160: hits=0 added=0 total=38
archive_search 132/160: Viscoelastic Recoil slow motion
archive_search_done 132/160: hits=0 added=0 total=38
archive_search 133/160: Viscoelastic Recoil video
archive_search_done 133/160: hits=0 added=0 total=38
archive_search 134/160: Bingham Yield Flow
archive_search_done 134/160: hits=0 added=0 total=38
archive_search 135/160: Bingham Yield Flow demonstration
archive_search_done 135/160: hits=0 added=0 total=38
archive_search 136/160: Bingham Yield Flow slow motion
archive_search_done 136/160: hits=0 added=0 total=38
archive_search 137/160: Bingham Yield Flow video
archive_search_done 137/160: hits=0 added=0 total=38
archive_search 138/160: Crystal Nucleation
archive_search_done 138/160: hits=4 added=2 total=40
archive_search 139/160: Crystal Nucleation demonstration
archive_search_done 139/160: hits=4 added=0 total=40
archive_search 140/160: Crystal Nucleation slow motion
archive_search_done 140/160: hits=4 added=0 total=40
archive_search 141/160: Crystal Nucleation video
archive_search_done 141/160: hits=4 added=0 total=40
archive_search 142/160: Spherulitic Growth
archive_search_done 142/160: hits=0 added=0 total=40
archive_search 143/160: Spherulitic Growth demonstration
archive_search_done 143/160: hits=0 added=0 total=40
archive_search 144/160: Spherulitic Growth slow motion
archive_search_done 144/160: hits=0 added=0 total=40
archive_search 145/160: Spherulitic Growth video
archive_search_done 145/160: hits=0 added=0 total=40
archive_search 146/160: Crystallization Front Propagation
archive_search_done 146/160: hits=0 added=0 total=40
archive_search 147/160: Crystallization Front Propagation demonstration
archive_search_done 147/160: hits=0 added=0 total=40
archive_search 148/160: Crystallization Front Propagation slow motion
archive_search_done 148/160: hits=0 added=0 total=40
archive_search 149/160: Crystallization Front Propagation video
archive_search_done 149/160: hits=0 added=0 total=40
archive_search 150/160: Blue Bottle Reaction
archive_search_done 150/160: hits=5 added=4 total=44
archive_search 151/160: Blue Bottle Reaction demonstration
archive_search_done 151/160: hits=5 added=0 total=44
archive_search 152/160: Blue Bottle Reaction experiment video
archive_search_done 152/160: hits=5 added=0 total=44
archive_search 153/160: Blue Bottle Reaction slow motion
archive_search_done 153/160: hits=5 added=0 total=44
archive_search 154/160: Blue Bottle Reaction video
archive_search_done 154/160: hits=5 added=0 total=44
archive_search 155/160: Chemical Traffic Light Reaction
archive_search_done 155/160: hits=1 added=1 total=45
archive_search 156/160: Chemical Traffic Light Reaction demonstration
archive_search_done 156/160: hits=1 added=0 total=45
archive_search 157/160: Chemical Traffic Light Reaction experiment video
archive_search_done 157/160: hits=1 added=0 total=45
archive_search 158/160: Chemical Traffic Light Reaction slow motion
archive_search_done 158/160: hits=1 added=0 total=45
archive_search 159/160: Chemical Traffic Light Reaction video
archive_search_done 159/160: hits=1 added=0 total=45
archive_search 160/160: Benedict Positive Reducing-Sugar Reaction
archive_search_done 160/160: hits=0 added=0 total=45
wrote 45 archive rows to data/vdcr_candidate_videos_archive_batch04_v1.csv
