archive_search 1/160: Benedict Positive Reducing-Sugar Reaction demonstration
archive_search_done 1/160: hits=0 added=0 total=0
archive_search 2/160: Benedict Positive Reducing-Sugar Reaction experiment video
archive_search_done 2/160: hits=0 added=0 total=0
archive_search 3/160: Benedict Positive Reducing-Sugar Reaction slow motion
archive_search_done 3/160: hits=0 added=0 total=0
archive_search 4/160: Benedict Positive Reducing-Sugar Reaction video
archive_search_done 4/160: hits=0 added=0 total=0
archive_search 5/160: Precipitation Front Propagation
archive_search_done 5/160: hits=0 added=0 total=0
archive_search 6/160: Precipitation Front Propagation demonstration
archive_search_done 6/160: hits=0 added=0 total=0
archive_search 7/160: Precipitation Front Propagation slow motion
archive_search_done 7/160: hits=0 added=0 total=0
archive_search 8/160: Precipitation Front Propagation video
archive_search_done 8/160: hits=0 added=0 total=0
archive_search 9/160: Reaction-Diffusion Wave
archive_search_done 9/160: hits=2 added=2 total=2
archive_search 10/160: Reaction-Diffusion Wave demonstration
archive_search_done 10/160: hits=2 added=0 total=2
archive_search 11/160: Reaction-Diffusion Wave slow motion
archive_search_done 11/160: hits=2 added=0 total=2
archive_search 12/160: Reaction-Diffusion Wave video
archive_search_done 12/160: hits=2 added=0 total=2
archive_search 13/160: Surfactant-Driven Droplet Motion
archive_search_done 13/160: hits=0 added=0 total=2
archive_search 14/160: Surfactant-Driven Droplet Motion demonstration
archive_search_done 14/160: hits=0 added=0 total=2
archive_search 15/160: Surfactant-Driven Droplet Motion slow motion
archive_search_done 15/160: hits=0 added=0 total=2
archive_search 16/160: Surfactant-Driven Droplet Motion video
archive_search_done 16/160: hits=0 added=0 total=2
archive_search 17/160: Coffee-Ring Formation
archive_search_done 17/160: hits=1 added=1 total=3
archive_search 18/160: Coffee-Ring Formation demonstration
archive_search_done 18/160: hits=1 added=0 total=3
archive_search 19/160: Coffee-Ring Formation slow motion
archive_search_done 19/160: hits=1 added=0 total=3
archive_search 20/160: Coffee-Ring Formation video
archive_search_done 20/160: hits=1 added=0 total=3
archive_search 21/160: Evaporation-Induced Deposition Front
archive_search_done 21/160: hits=0 added=0 total=3
archive_search 22/160: Evaporation-Induced Deposition Front demonstration
archive_search_done 22/160: hits=0 added=0 total=3
archive_search 23/160: Evaporation-Induced Deposition Front slow motion
archive_search_done 23/160: hits=0 added=0 total=3
archive_search 24/160: Evaporation-Induced Deposition Front video
archive_search_done 24/160: hits=0 added=0 total=3
archive_search 25/160: Ostwald Ripening
archive_search_done 25/160: hits=0 added=0 total=3
archive_search 26/160: Ostwald Ripening demonstration
archive_search_done 26/160: hits=0 added=0 total=3
archive_search 27/160: Ostwald Ripening slow motion
archive_search_done 27/160: hits=0 added=0 total=3
archive_search 28/160: Ostwald Ripening video
archive_search_done 28/160: hits=0 added=0 total=3
archive_search 29/160: Coalescence-Driven Coarsening
archive_search_done 29/160: hits=0 added=0 total=3
archive_search 30/160: Coalescence-Driven Coarsening demonstration
archive_search_done 30/160: hits=0 added=0 total=3
archive_search 31/160: Coalescence-Driven Coarsening slow motion
archive_search_done 31/160: hits=0 added=0 total=3
archive_search 32/160: Coalescence-Driven Coarsening video
archive_search_done 32/160: hits=0 added=0 total=3
archive_search 33/160: Nucleation-and-Growth Phase Separation
archive_search_done 33/160: hits=0 added=0 total=3
archive_search 34/160: Nucleation-and-Growth Phase Separation demonstration
archive_search_done 34/160: hits=0 added=0 total=3
archive_search 35/160: Nucleation-and-Growth Phase Separation slow motion
archive_search_done 35/160: hits=0 added=0 total=3
archive_search 36/160: Nucleation-and-Growth Phase Separation video
archive_search_done 36/160: hits=0 added=0 total=3
archive_search 37/160: Phase Boundary Migration
archive_search_done 37/160: hits=0 added=0 total=3
archive_search 38/160: Phase Boundary Migration demonstration
archive_search_done 38/160: hits=0 added=0 total=3
archive_search 39/160: Phase Boundary Migration slow motion
archive_search_done 39/160: hits=0 added=0 total=3
archive_search 40/160: Phase Boundary Migration video
archive_search_done 40/160: hits=0 added=0 total=3
archive_search 41/160: Flame Front Propagation
archive_search_done 41/160: hits=1 added=1 total=4
archive_search 42/160: Flame Front Propagation demonstration
archive_search_done 42/160: hits=1 added=0 total=4
archive_search 43/160: Flame Front Propagation slow motion
archive_search_done 43/160: hits=1 added=0 total=4
archive_search 44/160: Flame Front Propagation video
archive_search_done 44/160: hits=1 added=0 total=4
archive_search 45/160: Diffusion Flame
archive_search_done 45/160: hits=5 added=4 total=8
archive_search 46/160: Diffusion Flame demonstration
archive_search_done 46/160: hits=5 added=0 total=8
archive_search 47/160: Diffusion Flame slow motion
archive_search_done 47/160: hits=5 added=0 total=8
archive_search 48/160: Diffusion Flame video
archive_search_done 48/160: hits=5 added=0 total=8
archive_search 49/160: Premixed Flame Propagation
archive_search_done 49/160: hits=0 added=0 total=8
archive_search 50/160: Premixed Flame Propagation demonstration
archive_search_done 50/160: hits=0 added=0 total=8
archive_search 51/160: Premixed Flame Propagation slow motion
archive_search_done 51/160: hits=0 added=0 total=8
archive_search 52/160: Premixed Flame Propagation video
archive_search_done 52/160: hits=0 added=0 total=8
archive_search 53/160: Cellular Flame Instability
archive_search_done 53/160: hits=0 added=0 total=8
archive_search 54/160: Cellular Flame Instability demonstration
archive_search_done 54/160: hits=0 added=0 total=8
archive_search 55/160: Cellular Flame Instability slow motion
archive_search_done 55/160: hits=0 added=0 total=8
archive_search 56/160: Cellular Flame Instability video
archive_search_done 56/160: hits=0 added=0 total=8
archive_search 57/160: Flame Flashback
archive_search_done 57/160: hits=5 added=4 total=12
archive_search 58/160: Flame Flashback demonstration
archive_search_done 58/160: hits=5 added=0 total=12
archive_search 59/160: Flame Flashback slow motion
archive_search_done 59/160: hits=5 added=0 total=12
archive_search 60/160: Flame Flashback video
archive_search_done 60/160: hits=5 added=0 total=12
archive_search 61/160: Flame Blowoff
archive_search_done 61/160: hits=0 added=0 total=12
archive_search 62/160: Flame Blowoff demonstration
archive_search_done 62/160: hits=0 added=0 total=12
archive_search 63/160: Flame Blowoff slow motion
archive_search_done 63/160: hits=0 added=0 total=12
archive_search 64/160: Flame Blowoff video
archive_search_done 64/160: hits=0 added=0 total=12
archive_search 65/160: Oscillating Flame
archive_search_done 65/160: hits=1 added=1 total=13
archive_search 66/160: Oscillating Flame demonstration
archive_search_done 66/160: hits=1 added=0 total=13
archive_search 67/160: Oscillating Flame slow motion
archive_search_done 67/160: hits=1 added=0 total=13
archive_search 68/160: Oscillating Flame video
archive_search_done 68/160: hits=1 added=0 total=13
archive_search 69/160: Metal Displacement Dendrite Growth
archive_search_done 69/160: hits=0 added=0 total=13
archive_search 70/160: Metal Displacement Dendrite Growth demonstration
archive_search_done 70/160: hits=0 added=0 total=13
archive_search 71/160: Metal Displacement Dendrite Growth experiment video
archive_search_done 71/160: hits=0 added=0 total=13
archive_search 72/160: Metal Displacement Dendrite Growth slow motion
archive_search_done 72/160: hits=0 added=0 total=13
archive_search 73/160: Metal Displacement Dendrite Growth video
archive_search_done 73/160: hits=0 added=0 total=13
archive_search 74/160: Electrolysis Bubble Nucleation and Detachment
archive_search_done 74/160: hits=0 added=0 total=13
archive_search 75/160: Electrolysis Bubble Nucleation and Detachment demonstration
archive_search_done 75/160: hits=0 added=0 total=13
archive_search 76/160: Electrolysis Bubble Nucleation and Detachment slow motion
archive_search_done 76/160: hits=0 added=0 total=13
archive_search 77/160: Electrolysis Bubble Nucleation and Detachment video
archive_search_done 77/160: hits=0 added=0 total=13
archive_search 78/160: Gelation Front Propagation
archive_search_done 78/160: hits=0 added=0 total=13
archive_search 79/160: Gelation Front Propagation demonstration
archive_search_done 79/160: hits=0 added=0 total=13
archive_search 80/160: Gelation Front Propagation slow motion
archive_search_done 80/160: hits=0 added=0 total=13
archive_search 81/160: Gelation Front Propagation video
archive_search_done 81/160: hits=0 added=0 total=13
archive_search 82/160: Gel Swelling
archive_search_done 82/160: hits=3 added=3 total=16
archive_search 83/160: Gel Swelling demonstration
archive_search_done 83/160: hits=3 added=0 total=16
archive_search 84/160: Gel Swelling slow motion
archive_search_done 84/160: hits=3 added=0 total=16
archive_search 85/160: Gel Swelling video
archive_search_done 85/160: hits=3 added=0 total=16
archive_search 86/160: Gel Deswelling Collapse
archive_search_done 86/160: hits=0 added=0 total=16
archive_search 87/160: Gel Deswelling Collapse demonstration
archive_search_done 87/160: hits=0 added=0 total=16
archive_search 88/160: Gel Deswelling Collapse slow motion
archive_search_done 88/160: hits=0 added=0 total=16
archive_search 89/160: Gel Deswelling Collapse video
archive_search_done 89/160: hits=0 added=0 total=16
archive_search 90/160: Undulatory Locomotion
archive_search_done 90/160: hits=0 added=0 total=16
archive_search 91/160: Undulatory Locomotion demonstration
archive_search_done 91/160: hits=0 added=0 total=16
archive_search 92/160: Undulatory Locomotion slow motion
archive_search_done 92/160: hits=0 added=0 total=16
archive_search 93/160: Undulatory Locomotion video
archive_search_done 93/160: hits=0 added=0 total=16
archive_search 94/160: Axel Jump
archive_search_done 94/160: hits=5 added=4 total=20
archive_search 95/160: Axel Jump demonstration
archive_search_done 95/160: hits=5 added=0 total=20
archive_search 96/160: Axel Jump slow motion
archive_search_done 96/160: hits=5 added=0 total=20
archive_search 97/160: Axel Jump technique video
archive_search_done 97/160: hits=2 added=0 total=20
archive_search 98/160: Axel Jump video
archive_search_done 98/160: hits=5 added=0 total=20
archive_search 99/160: Salchow Jump
archive_search_done 99/160: hits=1 added=1 total=21
archive_search 100/160: Salchow Jump demonstration
archive_search_done 100/160: hits=1 added=0 total=21
archive_search 101/160: Salchow Jump slow motion
archive_search_done 101/160: hits=1 added=0 total=21
archive_search 102/160: Salchow Jump technique video
archive_search_done 102/160: hits=0 added=0 total=21
archive_search 103/160: Salchow Jump video
archive_search_done 103/160: hits=1 added=0 total=21
archive_search 104/160: Toe Loop Jump
archive_search_done 104/160: hits=5 added=5 total=26
archive_search 105/160: Toe Loop Jump demonstration
archive_search_done 105/160: hits=5 added=0 total=26
archive_search 106/160: Toe Loop Jump slow motion
archive_search_done 106/160: hits=5 added=0 total=26
archive_search 107/160: Toe Loop Jump technique video
archive_search_done 107/160: hits=0 added=0 total=26
archive_search 108/160: Toe Loop Jump video
archive_search_done 108/160: hits=5 added=0 total=26
archive_search 109/160: Yurchenko Vault
archive_search_done 109/160: hits=2 added=2 total=28
archive_search 110/160: Yurchenko Vault demonstration
archive_search_done 110/160: hits=2 added=0 total=28
archive_search 111/160: Yurchenko Vault slow motion
archive_search_done 111/160: hits=2 added=0 total=28
archive_search 112/160: Yurchenko Vault technique video
archive_search_done 112/160: hits=0 added=0 total=28
archive_search 113/160: Yurchenko Vault video
archive_search_done 113/160: hits=2 added=0 total=28
archive_search 114/160: Tsukahara Vault
archive_search_done 114/160: hits=0 added=0 total=28
archive_search 115/160: Tsukahara Vault demonstration
archive_search_done 115/160: hits=0 added=0 total=28
archive_search 116/160: Tsukahara Vault slow motion
archive_search_done 116/160: hits=0 added=0 total=28
archive_search 117/160: Tsukahara Vault technique video
archive_search_done 117/160: hits=0 added=0 total=28
archive_search 118/160: Tsukahara Vault video
archive_search_done 118/160: hits=0 added=0 total=28
archive_search 119/160: Kovacs Release
archive_search_done 119/160: hits=5 added=5 total=33
archive_search 120/160: Kovacs Release demonstration
archive_search_done 120/160: hits=5 added=0 total=33
archive_search 121/160: Kovacs Release slow motion
archive_search_done 121/160: hits=5 added=0 total=33
archive_search 122/160: Kovacs Release technique video
archive_search_done 122/160: hits=0 added=0 total=33
archive_search 123/160: Kovacs Release video
archive_search_done 123/160: hits=5 added=0 total=33
archive_search 124/160: Fosbury Flop
archive_search_done 124/160: hits=0 added=0 total=33
archive_search 125/160: Fosbury Flop demonstration
archive_search_done 125/160: hits=0 added=0 total=33
archive_search 126/160: Fosbury Flop slow motion
archive_search_done 126/160: hits=0 added=0 total=33
archive_search 127/160: Fosbury Flop technique video
archive_search_done 127/160: hits=0 added=0 total=33
archive_search 128/160: Fosbury Flop video
archive_search_done 128/160: hits=0 added=0 total=33
archive_search 129/160: Fouette Turn
archive_search_done 129/160: hits=0 added=0 total=33
archive_search 130/160: Fouette Turn demonstration
archive_search_done 130/160: hits=0 added=0 total=33
archive_search 131/160: Fouette Turn slow motion
archive_search_done 131/160: hits=0 added=0 total=33
archive_search 132/160: Fouette Turn technique video
archive_search_done 132/160: hits=0 added=0 total=33
archive_search 133/160: Fouette Turn video
archive_search_done 133/160: hits=0 added=0 total=33
archive_search 134/160: Ippon Seoi Nage
archive_search_done 134/160: hits=0 added=0 total=33
archive_search 135/160: Ippon Seoi Nage demonstration
archive_search_done 135/160: hits=0 added=0 total=33
archive_search 136/160: Ippon Seoi Nage slow motion
archive_search_done 136/160: hits=0 added=0 total=33
archive_search 137/160: Ippon Seoi Nage technique video
archive_search_done 137/160: hits=0 added=0 total=33
archive_search 138/160: Ippon Seoi Nage video
archive_search_done 138/160: hits=0 added=0 total=33
archive_search 139/160: Uchi Mata
archive_search_done 139/160: hits=1 added=1 total=34
archive_search 140/160: Uchi Mata demonstration
archive_search_done 140/160: hits=1 added=0 total=34
archive_search 141/160: Uchi Mata slow motion
archive_search_done 141/160: hits=1 added=0 total=34
archive_search 142/160: Uchi Mata technique video
archive_search_done 142/160: hits=0 added=0 total=34
archive_search 143/160: Uchi Mata video
archive_search_done 143/160: hits=1 added=0 total=34
archive_search 144/160: Osoto Gari
archive_search_done 144/160: hits=1 added=0 total=34
archive_search 145/160: Osoto Gari demonstration
archive_search_done 145/160: hits=1 added=0 total=34
archive_search 146/160: Osoto Gari slow motion
archive_search_done 146/160: hits=1 added=0 total=34
archive_search 147/160: Osoto Gari technique video
archive_search_done 147/160: hits=1 added=0 total=34
archive_search 148/160: Osoto Gari video
archive_search_done 148/160: hits=1 added=0 total=34
archive_search 149/160: Tomoe Nage
archive_search_done 149/160: hits=1 added=1 total=35
archive_search 150/160: Tomoe Nage demonstration
archive_search_done 150/160: hits=1 added=0 total=35
archive_search 151/160: Tomoe Nage slow motion
archive_search_done 151/160: hits=1 added=0 total=35
archive_search 152/160: Tomoe Nage technique video
archive_search_done 152/160: hits=0 added=0 total=35
archive_search 153/160: Tomoe Nage video
archive_search_done 153/160: hits=1 added=0 total=35
archive_search 154/160: Spinning Back Kick
archive_search_done 154/160: hits=5 added=5 total=40
archive_search 155/160: Spinning Back Kick demonstration
archive_search_done 155/160: hits=5 added=0 total=40
archive_search 156/160: Spinning Back Kick slow motion
archive_search_done 156/160: hits=5 added=0 total=40
archive_search 157/160: Spinning Back Kick technique video
archive_search_done 157/160: hits=1 added=1 total=41
archive_search 158/160: Spinning Back Kick video
archive_search_done 158/160: hits=5 added=0 total=41
archive_search 159/160: Eskimo Roll
archive_search_done 159/160: hits=5 added=4 total=45
archive_search 160/160: Eskimo Roll / Kayak Roll
archive_search_done 160/160: hits=3 added=2 total=47
wrote 47 archive rows to data/vdcr_candidate_videos_archive_batch05_v1.csv
