archive_search 1/80: Shock-Boundary-Layer Interaction
archive_search_done 1/80: hits=0 added=0 total=0
archive_search 2/80: Shock-Boundary-Layer Interaction demonstration
archive_search_done 2/80: hits=0 added=0 total=0
archive_search 3/80: Shock-Boundary-Layer Interaction slow motion
archive_search_done 3/80: hits=0 added=0 total=0
archive_search 4/80: Shock-Boundary-Layer Interaction video
archive_search_done 4/80: hits=0 added=0 total=0
archive_search 5/80: Magnetic Reconnection
archive_search_done 5/80: hits=5 added=5 total=5
archive_search 6/80: Magnetic Reconnection demonstration
archive_search_done 6/80: hits=5 added=0 total=5
archive_search 7/80: Magnetic Reconnection slow motion
archive_search_done 7/80: hits=5 added=0 total=5
archive_search 8/80: Magnetic Reconnection video
archive_search_done 8/80: hits=5 added=0 total=5
archive_search 9/80: Plasma Filamentation
archive_search_done 9/80: hits=0 added=0 total=5
archive_search 10/80: Plasma Filamentation demonstration
archive_search_done 10/80: hits=0 added=0 total=5
archive_search 11/80: Plasma Filamentation slow motion
archive_search_done 11/80: hits=0 added=0 total=5
archive_search 12/80: Plasma Filamentation video
archive_search_done 12/80: hits=0 added=0 total=5
archive_search 13/80: Solar Prominence Eruption
archive_search_done 13/80: hits=2 added=2 total=7
archive_search 14/80: Solar Prominence Eruption demonstration
archive_search_done 14/80: hits=2 added=0 total=7
archive_search 15/80: Solar Prominence Eruption slow motion
archive_search_done 15/80: hits=2 added=0 total=7
archive_search 16/80: Solar Prominence Eruption video
archive_search_done 16/80: hits=2 added=0 total=7
archive_search 17/80: Coronal Mass Ejection
archive_search_done 17/80: hits=5 added=5 total=12
archive_search 18/80: Coronal Mass Ejection demonstration
archive_search_done 18/80: hits=5 added=0 total=12
archive_search 19/80: Coronal Mass Ejection slow motion
archive_search_done 19/80: hits=5 added=0 total=12
archive_search 20/80: Coronal Mass Ejection video
archive_search_done 20/80: hits=5 added=0 total=12
archive_search 21/80: Corrosion Pit Growth
archive_search_done 21/80: hits=0 added=0 total=12
archive_search 22/80: Corrosion Pit Growth demonstration
archive_search_done 22/80: hits=0 added=0 total=12
archive_search 23/80: Corrosion Pit Growth slow motion
archive_search_done 23/80: hits=0 added=0 total=12
archive_search 24/80: Corrosion Pit Growth video
archive_search_done 24/80: hits=0 added=0 total=12
archive_search 25/80: Anodic Oxide Film Growth
archive_search_done 25/80: hits=0 added=0 total=12
archive_search 26/80: Anodic Oxide Film Growth demonstration
archive_search_done 26/80: hits=0 added=0 total=12
archive_search 27/80: Anodic Oxide Film Growth slow motion
archive_search_done 27/80: hits=0 added=0 total=12
archive_search 28/80: Anodic Oxide Film Growth video
archive_search_done 28/80: hits=0 added=0 total=12
archive_search 29/80: Lithium Dendrite Growth
archive_search_done 29/80: hits=0 added=0 total=12
archive_search 30/80: Lithium Dendrite Growth demonstration
archive_search_done 30/80: hits=0 added=0 total=12
archive_search 31/80: Lithium Dendrite Growth slow motion
archive_search_done 31/80: hits=0 added=0 total=12
archive_search 32/80: Lithium Dendrite Growth video
archive_search_done 32/80: hits=0 added=0 total=12
archive_search 33/80: Polymerization Shrinkage Front
archive_search_done 33/80: hits=0 added=0 total=12
archive_search 34/80: Polymerization Shrinkage Front demonstration
archive_search_done 34/80: hits=0 added=0 total=12
archive_search 35/80: Polymerization Shrinkage Front slow motion
archive_search_done 35/80: hits=0 added=0 total=12
archive_search 36/80: Polymerization Shrinkage Front video
archive_search_done 36/80: hits=0 added=0 total=12
archive_search 37/80: Liquid Crystal Domain Evolution
archive_search_done 37/80: hits=0 added=0 total=12
archive_search 38/80: Liquid Crystal Domain Evolution demonstration
archive_search_done 38/80: hits=0 added=0 total=12
archive_search 39/80: Liquid Crystal Domain Evolution slow motion
archive_search_done 39/80: hits=0 added=0 total=12
archive_search 40/80: Liquid Crystal Domain Evolution video
archive_search_done 40/80: hits=0 added=0 total=12
archive_search 41/80: Liquid Crystal Defect Annihilation
archive_search_done 41/80: hits=0 added=0 total=12
archive_search 42/80: Liquid Crystal Defect Annihilation demonstration
archive_search_done 42/80: hits=0 added=0 total=12
archive_search 43/80: Liquid Crystal Defect Annihilation slow motion
archive_search_done 43/80: hits=0 added=0 total=12
archive_search 44/80: Liquid Crystal Defect Annihilation video
archive_search_done 44/80: hits=0 added=0 total=12
archive_search 45/80: Convergent Extension
archive_search_done 45/80: hits=1 added=1 total=13
archive_search 46/80: Convergent Extension demonstration
archive_search_done 46/80: hits=1 added=0 total=13
archive_search 47/80: Convergent Extension slow motion
archive_search_done 47/80: hits=1 added=0 total=13
archive_search 48/80: Convergent Extension video
archive_search_done 48/80: hits=1 added=0 total=13
archive_search 49/80: Neural Tube Closure
archive_search_done 49/80: hits=1 added=1 total=14
archive_search 50/80: Neural Tube Closure demonstration
archive_search_done 50/80: hits=1 added=0 total=14
archive_search 51/80: Neural Tube Closure slow motion
archive_search_done 51/80: hits=1 added=0 total=14
archive_search 52/80: Neural Tube Closure video
archive_search_done 52/80: hits=1 added=0 total=14
archive_search 53/80: Epithelial-Mesenchymal Transition
archive_search_done 53/80: hits=3 added=3 total=17
archive_search 54/80: Epithelial-Mesenchymal Transition demonstration
archive_search_done 54/80: hits=3 added=0 total=17
archive_search 55/80: Epithelial-Mesenchymal Transition slow motion
archive_search_done 55/80: hits=3 added=0 total=17
archive_search 56/80: Epithelial-Mesenchymal Transition video
archive_search_done 56/80: hits=3 added=0 total=17
archive_search 57/80: Fault Rupture Propagation
archive_search_done 57/80: hits=1 added=1 total=18
archive_search 58/80: Fault Rupture Propagation demonstration
archive_search_done 58/80: hits=1 added=0 total=18
archive_search 59/80: Fault Rupture Propagation slow motion
archive_search_done 59/80: hits=1 added=0 total=18
archive_search 60/80: Fault Rupture Propagation video
archive_search_done 60/80: hits=1 added=0 total=18
archive_search 61/80: Glacier Creep
archive_search_done 61/80: hits=2 added=2 total=20
archive_search 62/80: Glacier Creep demonstration
archive_search_done 62/80: hits=2 added=0 total=20
archive_search 63/80: Glacier Creep slow motion
archive_search_done 63/80: hits=2 added=0 total=20
archive_search 64/80: Glacier Creep video
archive_search_done 64/80: hits=2 added=0 total=20
archive_search 65/80: Basal Sliding
archive_search_done 65/80: hits=0 added=0 total=20
archive_search 66/80: Basal Sliding demonstration
archive_search_done 66/80: hits=0 added=0 total=20
archive_search 67/80: Basal Sliding slow motion
archive_search_done 67/80: hits=0 added=0 total=20
archive_search 68/80: Basal Sliding video
archive_search_done 68/80: hits=0 added=0 total=20
archive_search 69/80: Sea-Cliff Retreat
archive_search_done 69/80: hits=5 added=4 total=24
archive_search 70/80: Sea-Cliff Retreat demonstration
archive_search_done 70/80: hits=5 added=0 total=24
archive_search 71/80: Sea-Cliff Retreat slow motion
archive_search_done 71/80: hits=5 added=0 total=24
archive_search 72/80: Sea-Cliff Retreat video
archive_search_done 72/80: hits=5 added=0 total=24
archive_search 73/80: Spit Progradation
archive_search_done 73/80: hits=0 added=0 total=24
archive_search 74/80: Spit Progradation demonstration
archive_search_done 74/80: hits=0 added=0 total=24
archive_search 75/80: Spit Progradation slow motion
archive_search_done 75/80: hits=0 added=0 total=24
archive_search 76/80: Spit Progradation video
archive_search_done 76/80: hits=0 added=0 total=24
archive_search 77/80: Stratified Sediment Gravity Flow
archive_search_done 77/80: hits=0 added=0 total=24
archive_search 78/80: Stratified Sediment Gravity Flow demonstration
archive_search_done 78/80: hits=0 added=0 total=24
archive_search 79/80: Stratified Sediment Gravity Flow slow motion
archive_search_done 79/80: hits=0 added=0 total=24
archive_search 80/80: Stratified Sediment Gravity Flow video
archive_search_done 80/80: hits=0 added=0 total=24
wrote 24 archive rows to data/vdcr_candidate_videos_archive_batch08_v1.csv
